Component: ARM Compiler 5.06 update 6 (build 750) Tool: armlink [4d35ed]

==============================================================================

Section Cross References

    startup_stm32f407xx.o(RESET) refers to startup_stm32f407xx.o(STACK) for __initial_sp
    startup_stm32f407xx.o(RESET) refers to startup_stm32f407xx.o(.text) for Reset_Handler
    startup_stm32f407xx.o(RESET) refers to stm32f4xx_it.o(i.NMI_Handler) for NMI_Handler
    startup_stm32f407xx.o(RESET) refers to stm32f4xx_it.o(i.HardFault_Handler) for HardFault_Handler
    startup_stm32f407xx.o(RESET) refers to stm32f4xx_it.o(i.MemManage_Handler) for MemManage_Handler
    startup_stm32f407xx.o(RESET) refers to stm32f4xx_it.o(i.BusFault_Handler) for BusFault_Handler
    startup_stm32f407xx.o(RESET) refers to stm32f4xx_it.o(i.UsageFault_Handler) for UsageFault_Handler
    startup_stm32f407xx.o(RESET) refers to port.o(.emb_text) for SVC_Handler
    startup_stm32f407xx.o(RESET) refers to stm32f4xx_it.o(i.DebugMon_Handler) for DebugMon_Handler
    startup_stm32f407xx.o(RESET) refers to stm32f4xx_it.o(i.SysTick_Handler) for SysTick_Handler
    startup_stm32f407xx.o(RESET) refers to stm32f4xx_it.o(i.USART1_IRQHandler) for USART1_IRQHandler
    startup_stm32f407xx.o(.text) refers to system_stm32f4xx.o(i.SystemInit) for SystemInit
    startup_stm32f407xx.o(.text) refers to entry.o(.ARM.Collect$$$$00000000) for __main
    heap_4.o(i.prvHeapInit) refers to heap_4.o(.bss) for .bss
    heap_4.o(i.prvHeapInit) refers to heap_4.o(.data) for .data
    heap_4.o(i.prvInsertBlockIntoFreeList) refers to heap_4.o(.data) for .data
    heap_4.o(i.pvPortMalloc) refers to tasks.o(i.vTaskSuspendAll) for vTaskSuspendAll
    heap_4.o(i.pvPortMalloc) refers to heap_4.o(i.prvHeapInit) for prvHeapInit
    heap_4.o(i.pvPortMalloc) refers to heap_4.o(i.prvInsertBlockIntoFreeList) for prvInsertBlockIntoFreeList
    heap_4.o(i.pvPortMalloc) refers to tasks.o(i.xTaskResumeAll) for xTaskResumeAll
    heap_4.o(i.pvPortMalloc) refers to heap_4.o(.data) for .data
    heap_4.o(i.vPortFree) refers to tasks.o(i.vTaskSuspendAll) for vTaskSuspendAll
    heap_4.o(i.vPortFree) refers to heap_4.o(i.prvInsertBlockIntoFreeList) for prvInsertBlockIntoFreeList
    heap_4.o(i.vPortFree) refers to tasks.o(i.xTaskResumeAll) for xTaskResumeAll
    heap_4.o(i.vPortFree) refers to heap_4.o(.data) for .data
    heap_4.o(i.xPortGetFreeHeapSize) refers to heap_4.o(.data) for .data
    heap_4.o(i.xPortGetMinimumEverFreeHeapSize) refers to heap_4.o(.data) for .data
    event_groups.o(i.vEventGroupClearBitsCallback) refers to event_groups.o(i.xEventGroupClearBits) for xEventGroupClearBits
    event_groups.o(i.vEventGroupDelete) refers to tasks.o(i.vTaskSuspendAll) for vTaskSuspendAll
    event_groups.o(i.vEventGroupDelete) refers to tasks.o(i.xTaskRemoveFromUnorderedEventList) for xTaskRemoveFromUnorderedEventList
    event_groups.o(i.vEventGroupDelete) refers to heap_4.o(i.vPortFree) for vPortFree
    event_groups.o(i.vEventGroupDelete) refers to tasks.o(i.xTaskResumeAll) for xTaskResumeAll
    event_groups.o(i.vEventGroupSetBitsCallback) refers to event_groups.o(i.xEventGroupSetBits) for xEventGroupSetBits
    event_groups.o(i.xEventGroupClearBits) refers to port.o(i.vPortEnterCritical) for vPortEnterCritical
    event_groups.o(i.xEventGroupClearBits) refers to port.o(i.vPortExitCritical) for vPortExitCritical
    event_groups.o(i.xEventGroupCreate) refers to heap_4.o(i.pvPortMalloc) for pvPortMalloc
    event_groups.o(i.xEventGroupCreate) refers to list.o(i.vListInitialise) for vListInitialise
    event_groups.o(i.xEventGroupSetBits) refers to tasks.o(i.vTaskSuspendAll) for vTaskSuspendAll
    event_groups.o(i.xEventGroupSetBits) refers to tasks.o(i.xTaskRemoveFromUnorderedEventList) for xTaskRemoveFromUnorderedEventList
    event_groups.o(i.xEventGroupSetBits) refers to tasks.o(i.xTaskResumeAll) for xTaskResumeAll
    event_groups.o(i.xEventGroupSync) refers to tasks.o(i.xTaskGetSchedulerState) for xTaskGetSchedulerState
    event_groups.o(i.xEventGroupSync) refers to tasks.o(i.vTaskSuspendAll) for vTaskSuspendAll
    event_groups.o(i.xEventGroupSync) refers to event_groups.o(i.xEventGroupSetBits) for xEventGroupSetBits
    event_groups.o(i.xEventGroupSync) refers to tasks.o(i.vTaskPlaceOnUnorderedEventList) for vTaskPlaceOnUnorderedEventList
    event_groups.o(i.xEventGroupSync) refers to tasks.o(i.xTaskResumeAll) for xTaskResumeAll
    event_groups.o(i.xEventGroupSync) refers to tasks.o(i.uxTaskResetEventItemValue) for uxTaskResetEventItemValue
    event_groups.o(i.xEventGroupSync) refers to port.o(i.vPortEnterCritical) for vPortEnterCritical
    event_groups.o(i.xEventGroupSync) refers to port.o(i.vPortExitCritical) for vPortExitCritical
    event_groups.o(i.xEventGroupWaitBits) refers to tasks.o(i.xTaskGetSchedulerState) for xTaskGetSchedulerState
    event_groups.o(i.xEventGroupWaitBits) refers to tasks.o(i.vTaskSuspendAll) for vTaskSuspendAll
[...]
    Removing cjson.o(i.cJSON_HasObjectItem), (14 bytes).
    Removing cjson.o(i.cJSON_InitHooks), (72 bytes).
    Removing cjson.o(i.cJSON_InsertItemInArray), (52 bytes).
    Removing cjson.o(i.cJSON_IsArray), (18 bytes).
    Removing cjson.o(i.cJSON_IsBool), (14 bytes).
    Removing cjson.o(i.cJSON_IsFalse), (14 bytes).
    Removing cjson.o(i.cJSON_IsInvalid), (20 bytes).
    Removing cjson.o(i.cJSON_IsNull), (18 bytes).
    Removing cjson.o(i.cJSON_IsNumber), (18 bytes).
    Removing cjson.o(i.cJSON_IsObject), (18 bytes).
    Removing cjson.o(i.cJSON_IsRaw), (18 bytes).
    Removing cjson.o(i.cJSON_IsString), (18 bytes).
    Removing cjson.o(i.cJSON_IsTrue), (18 bytes).
    Removing cjson.o(i.cJSON_Minify), (148 bytes).
    Removing cjson.o(i.cJSON_Parse), (8 bytes).
    Removing cjson.o(i.cJSON_ParseWithOpts), (228 bytes).
    Removing cjson.o(i.cJSON_PrintBuffered), (88 bytes).
    Removing cjson.o(i.cJSON_PrintUnformatted), (12 bytes).
    Removing cjson.o(i.cJSON_ReplaceItemInArray), (30 bytes).
    Removing cjson.o(i.cJSON_ReplaceItemInObject), (6 bytes).
    Removing cjson.o(i.cJSON_ReplaceItemInObjectCaseSensitive), (6 bytes).
    Removing cjson.o(i.cJSON_ReplaceItemViaPointer), (60 bytes).
    Removing cjson.o(i.cJSON_SetNumberHelper), (108 bytes).
    Removing cjson.o(i.cJSON_free), (12 bytes).
    Removing cjson.o(i.cJSON_malloc), (12 bytes).
    Removing cjson.o(i.create_reference), (48 bytes).
    Removing cjson.o(i.get_array_item), (22 bytes).
    Removing cjson.o(i.get_object_item), (122 bytes).
    Removing cjson.o(i.parse_array), (204 bytes).
    Removing cjson.o(i.parse_hex4), (64 bytes).
    Removing cjson.o(i.parse_number), (256 bytes).
    Removing cjson.o(i.parse_object), (262 bytes).
    Removing cjson.o(i.parse_string), (268 bytes).
    Removing cjson.o(i.parse_value), (252 bytes).
    Removing cjson.o(i.replace_item_in_object), (84 bytes).
    Removing cjson.o(i.utf16_literal_to_utf8), (210 bytes).
    Removing f2d.o(.text), (38 bytes).

456 unused section(s) (total 42052 bytes) removed from the image.

==============================================================================

Image Symbol Table

    Local Symbols

    Symbol Name                              Value     Ov Type        Size  Object(Section)

    ../Drivers/STM32F4xx_HAL_Driver/Src/stm32f4xx_hal.c 0x00000000   Number         0  stm32f4xx_hal.o ABSOLUTE
    ../Drivers/STM32F4xx_HAL_Driver/Src/stm32f4xx_hal_cortex.c 0x00000000   Number         0  stm32f4xx_hal_cortex.o ABSOLUTE
    ../Drivers/STM32F4xx_HAL_Driver/Src/stm32f4xx_hal_dma.c 0x00000000   Number         0  stm32f4xx_hal_dma.o ABSOLUTE
    ../Drivers/STM32F4xx_HAL_Driver/Src/stm32f4xx_hal_dma_ex.c 0x00000000   Number         0  stm32f4xx_hal_dma_ex.o ABSOLUTE
    ../Drivers/STM32F4xx_HAL_Driver/Src/stm32f4xx_hal_flash.c 0x00000000   Number         0  stm32f4xx_hal_flash.o ABSOLUTE
    ../Drivers/STM32F4xx_HAL_Driver/Src/stm32f4xx_hal_flash_ex.c 0x00000000   Number         0  stm32f4xx_hal_flash_ex.o ABSOLUTE
    ../Drivers/STM32F4xx_HAL_Driver/Src/stm32f4xx_hal_flash_ramfunc.c 0x00000000   Number         0  stm32f4xx_hal_flash_ramfunc.o ABSOLUTE
    ../Drivers/STM32F4xx_HAL_Driver/Src/stm32f4xx_hal_gpio.c 0x00000000   Number         0  stm32f4xx_hal_gpio.o ABSOLUTE
    ../Drivers/STM32F4xx_HAL_Driver/Src/stm32f4xx_hal_pwr.c 0x00000000   Number         0  stm32f4xx_hal_pwr.o ABSOLUTE
    ../Drivers/STM32F4xx_HAL_Driver/Src/stm32f4xx_hal_pwr_ex.c 0x00000000   Number         0  stm32f4xx_hal_pwr_ex.o ABSOLUTE
    ../Drivers/STM32F4xx_HAL_Driver/Src/stm32f4xx_hal_rcc.c 0x00000000   Number         0  stm32f4xx_hal_rcc.o ABSOLUTE
    ../Drivers/STM32F4xx_HAL_Driver/Src/stm32f4xx_hal_rcc_ex.c 0x00000000   Number         0  stm32f4xx_hal_rcc_ex.o ABSOLUTE
    ../Drivers/STM32F4xx_HAL_Driver/Src/stm32f4xx_hal_tim.c 0x00000000   Number         0  stm32f4xx_hal_tim.o ABSOLUTE
    ../Drivers/STM32F4xx_HAL_Driver/Src/stm32f4xx_hal_tim_ex.c 0x00000000   Number         0  stm32f4xx_hal_tim_ex.o ABSOLUTE
    ../Drivers/STM32F4xx_HAL_Driver/Src/stm32f4xx_hal_uart.c 0x00000000   Number         0  stm32f4xx_hal_uart.o ABSOLUTE
    ../Middlewares/Third_Party/FreeRTOS/Source/CMSIS_RTOS/cmsis_os.c 0x00000000   Number         0  cmsis_os.o ABSOLUTE
    ../Middlewares/Third_Party/FreeRTOS/Source/croutine.c 0x00000000   Number         0  croutine.o ABSOLUTE
    ../Middlewares/Third_Party/FreeRTOS/Source/event_groups.c 0x00000000   Number         0  event_groups.o ABSOLUTE
    ../Middlewares/Third_Party/FreeRTOS/Source/list.c 0x00000000   Number         0  list.o ABSOLUTE
    ../Middlewares/Third_Party/FreeRTOS/Source/portable/MemMang/heap_4.c 0x00000000   Number         0  heap_4.o ABSOLUTE
    ../Middlewares/Third_Party/FreeRTOS/Source/portable/RVDS/ARM_CM4F/port.c 0x00000000   Number         0  port.o ABSOLUTE
    ../Middlewares/Third_Party/FreeRTOS/Source/queue.c 0x00000000   Number         0  queue.o ABSOLUTE
    ../Middlewares/Third_Party/FreeRTOS/Source/tasks.c 0x00000000   Number         0  tasks.o ABSOLUTE
    ../Middlewares/Third_Party/FreeRTOS/Source/timers.c 0x00000000   Number         0  timers.o ABSOLUTE
    ../Src/freertos.c                        0x00000000   Number         0  freertos.o ABSOLUTE
    ../Src/gpio.c                            0x00000000   Number         0  gpio.o ABSOLUTE
    ../Src/main.c                            0x00000000   Number         0  main.o ABSOLUTE
    ../Src/stm32f4xx_hal_msp.c               0x00000000   Number         0  stm32f4xx_hal_msp.o ABSOLUTE
    ../Src/stm32f4xx_it.c                    0x00000000   Number         0  stm32f4xx_it.o ABSOLUTE
    ../Src/system_stm32f4xx.c                0x00000000   Number         0  system_stm32f4xx.o ABSOLUTE
    ../Src/usart.c                           0x00000000   Number         0  usart.o ABSOLUTE
    ../clib/microlib/ctype/ctype.c           0x00000000   Number         0  ctype_c.o ABSOLUTE
    ../clib/microlib/ctype/ctype.c           0x00000000   Number         0  isspace_c.o ABSOLUTE
    ../clib/microlib/ctype/tolower.c         0x00000000   Number         0  tolower.o ABSOLUTE
    ../clib/microlib/division.c              0x00000000   Number         0  uldiv.o ABSOLUTE
    ../clib/microlib/division.c              0x00000000   Number         0  uidiv.o ABSOLUTE
    ../clib/microlib/init/entry.s            0x00000000   Number         0  entry11b.o ABSOLUTE
    ../clib/microlib/init/entry.s            0x00000000   Number         0  entry2.o ABSOLUTE
    ../clib/microlib/init/entry.s            0x00000000   Number         0  entry11a.o ABSOLUTE
    ../clib/microlib/init/entry.s            0x00000000   Number         0  entry.o ABSOLUTE
    ../clib/microlib/init/entry.s            0x00000000   Number         0  entry10b.o ABSOLUTE
    ../clib/microlib/init/entry.s            0x00000000   Number         0  entry10a.o ABSOLUTE
    ../clib/microlib/init/entry.s            0x00000000   Number         0  entry9b.o ABSOLUTE
    ../clib/microlib/init/entry.s            0x00000000   Number         0  entry9a.o ABSOLUTE
    ../clib/microlib/init/entry.s            0x00000000   Number         0  entry8b.o ABSOLUTE
    ../clib/microlib/init/entry.s            0x00000000   Number         0  entry8a.o ABSOLUTE
    ../clib/microlib/init/entry.s            0x00000000   Number         0  entry7b.o ABSOLUTE
    ../clib/microlib/init/entry.s            0x00000000   Number         0  entry7a.o ABSOLUTE
    ../clib/microlib/init/entry.s            0x00000000   Number         0  entry5.o ABSOLUTE
    ../clib/microlib/longlong.c              0x00000000   Number         0  llushr.o ABSOLUTE
    ../clib/microlib/longlong.c              0x00000000   Number         0  llshl.o ABSOLUTE
    ../clib/microlib/longlong.c              0x00000000   Number         0  llsshr.o ABSOLUTE
    ../clib/microlib/malloc/malloc.c         0x00000000   Number         0  malloc.o ABSOLUTE
    ../clib/microlib/malloc/malloc.c         0x00000000   Number         0  malloca.o ABSOLUTE
    ../clib/microlib/malloc/malloc.c         0x00000000   Number         0  mallocra.o ABSOLUTE
    ../clib/microlib/malloc/malloc.c         0x00000000   Number         0  mallocr.o ABSOLUTE
    ../clib/microlib/malloc/mvars.c          0x00000000   Number         0  mvars.o ABSOLUTE
    ../clib/microlib/printf/printf.c         0x00000000   Number         0  printf4.o ABSOLUTE
    ../clib/microlib/printf/printf.c         0x00000000   Number         0  printf3.o ABSOLUTE
    ../clib/microlib/printf/printf.c         0x00000000   Number         0  printf2.o ABSOLUTE
    ../clib/microlib/printf/printf.c         0x00000000   Number         0  printf0.o ABSOLUTE
    ../clib/microlib/printf/printf.c         0x00000000   Number         0  printfb.o ABSOLUTE
    ../clib/microlib/printf/printf.c         0x00000000   Number         0  printf5.o ABSOLUTE
    ../clib/microlib/printf/printf.c         0x00000000   Number         0  printf6.o ABSOLUTE
    ../clib/microlib/printf/printf.c         0x00000000   Number         0  printf1.o ABSOLUTE
    ../clib/microlib/printf/printf.c         0x00000000   Number         0  printf7.o ABSOLUTE
    ../clib/microlib/printf/printf.c         0x00000000   Number         0  printf8.o ABSOLUTE
    ../clib/microlib/printf/printf.c         0x00000000   Number         0  printfa.o ABSOLUTE
    ../clib/microlib/printf/stubs.s          0x00000000   Number         0  stubs.o ABSOLUTE
    ../clib/microlib/stdio/streams.c         0x00000000   Number         0  stdout.o ABSOLUTE
    ../clib/microlib/string/memcpy.c         0x00000000   Number         0  memcpyb.o ABSOLUTE
    ../clib/microlib/string/memcpy.c         0x00000000   Number         0  memcpya.o ABSOLUTE
    ../clib/microlib/string/memset.c         0x00000000   Number         0  memseta.o ABSOLUTE
    ../clib/microlib/string/strcmp.c         0x00000000   Number         0  strcmp.o ABSOLUTE
    ../clib/microlib/string/strcpy.c         0x00000000   Number         0  strcpy.o ABSOLUTE
    ../clib/microlib/string/strlen.c         0x00000000   Number         0  strlen.o ABSOLUTE
    ../clib/microlib/string/strncmp.c        0x00000000   Number         0  strncmp.o ABSOLUTE
    ../clib/microlib/stubs.s                 0x00000000   Number         0  iusefp.o ABSOLUTE
    ../clib/scanf.c                          0x00000000   Number         0  scanf_fp.o ABSOLUTE
    ../clib/scanf.c                          0x00000000   Number         0  scanf_char.o ABSOLUTE
    ../clib/scanf.c                          0x00000000   Number         0  __0sscanf.o ABSOLUTE
    ../clib/scanf.c                          0x00000000   Number         0  _scanf.o ABSOLUTE
    ../clib/scanf.c                          0x00000000   Number         0  strtod.o ABSOLUTE
    ../clib/scanf.c                          0x00000000   Number         0  _sgetc.o ABSOLUTE
    ../fplib/microlib/d2f.c                  0x00000000   Number         0  d2f.o ABSOLUTE
    ../fplib/microlib/f2d.c                  0x00000000   Number         0  f2d.o ABSOLUTE
    ../fplib/microlib/fpadd.c                0x00000000   Number         0  dadd.o ABSOLUTE
    ../fplib/microlib/fpdiv.c                0x00000000   Number         0  ddiv.o ABSOLUTE
    ../fplib/microlib/fpepilogue.c           0x00000000   Number         0  depilogue.o ABSOLUTE
    ../fplib/microlib/fpepilogue.c           0x00000000   Number         0  fepilogue.o ABSOLUTE
    ../fplib/microlib/fpfix.c                0x00000000   Number         0  dfixul.o ABSOLUTE
    ../fplib/microlib/fpfix.c                0x00000000   Number         0  dfixi.o ABSOLUTE
    ../fplib/microlib/fpflt.c                0x00000000   Number         0  dfltul.o ABSOLUTE
    ../fplib/microlib/fpflt.c                0x00000000   Number         0  dflti.o ABSOLUTE
    ../fplib/microlib/fpmul.c                0x00000000   Number         0  dmul.o ABSOLUTE
    ../mathlib/strtod.c                      0x00000000   Number         0  strtod.o ABSOLUTE
    ..\COM\cJSON.c                           0x00000000   Number         0  cjson.o ABSOLUTE
    ..\COM\test.c                            0x00000000   Number         0  test.o ABSOLUTE
    ..\Drivers\STM32F4xx_HAL_Driver\Src\stm32f4xx_hal.c 0x00000000   Number         0  stm32f4xx_hal.o ABSOLUTE
    ..\Drivers\STM32F4xx_HAL_Driver\Src\stm32f4xx_hal_cortex.c 0x00000000   Number         0  stm32f4xx_hal_cortex.o ABSOLUTE
    ..\Drivers\STM32F4xx_HAL_Driver\Src\stm32f4xx_hal_dma.c 0x00000000   Number         0  stm32f4xx_hal_dma.o ABSOLUTE
    ..\Drivers\STM32F4xx_HAL_Driver\Src\stm32f4xx_hal_dma_ex.c 0x00000000   Number         0  stm32f4xx_hal_dma_ex.o ABSOLUTE
    ..\Drivers\STM32F4xx_HAL_Driver\Src\stm32f4xx_hal_flash.c 0x00000000   Number         0  stm32f4xx_hal_flash.o ABSOLUTE
    ..\Drivers\STM32F4xx_HAL_Driver\Src\stm32f4xx_hal_flash_ex.c 0x00000000   Number         0  stm32f4xx_hal_flash_ex.o ABSOLUTE
    ..\Drivers\STM32F4xx_HAL_Driver\Src\stm32f4xx_hal_flash_ramfunc.c 0x00000000   Number         0  stm32f4xx_hal_flash_ramfunc.o ABSOLUTE
    ..\Drivers\STM32F4xx_HAL_Driver\Src\stm32f4xx_hal_gpio.c 0x00000000   Number         0  stm32f4xx_hal_gpio.o ABSOLUTE
    ..\Drivers\STM32F4xx_HAL_Driver\Src\stm32f4xx_hal_pwr.c 0x00000000   Number         0  stm32f4xx_hal_pwr.o ABSOLUTE
    ..\Drivers\STM32F4xx_HAL_Driver\Src\stm32f4xx_hal_pwr_ex.c 0x00000000   Number         0  stm32f4xx_hal_pwr_ex.o ABSOLUTE
    ..\Drivers\STM32F4xx_HAL_Driver\Src\stm32f4xx_hal_rcc.c 0x00000000   Number         0  stm32f4xx_hal_rcc.o ABSOLUTE
    ..\Drivers\STM32F4xx_HAL_Driver\Src\stm32f4xx_hal_rcc_ex.c 0x00000000   Number         0  stm32f4xx_hal_rcc_ex.o ABSOLUTE
    ..\Drivers\STM32F4xx_HAL_Driver\Src\stm32f4xx_hal_tim.c 0x00000000   Number         0  stm32f4xx_hal_tim.o ABSOLUTE
    ..\Drivers\STM32F4xx_HAL_Driver\Src\stm32f4xx_hal_tim_ex.c 0x00000000   Number         0  stm32f4xx_hal_tim_ex.o ABSOLUTE
    ..\Drivers\STM32F4xx_HAL_Driver\Src\stm32f4xx_hal_uart.c 0x00000000   Number         0  stm32f4xx_hal_uart.o ABSOLUTE
    ..\Middlewares\Third_Party\FreeRTOS\Source\CMSIS_RTOS\cmsis_os.c 0x00000000   Number         0  cmsis_os.o ABSOLUTE
    ..\Middlewares\Third_Party\FreeRTOS\Source\portable\RVDS\ARM_CM4F\port.c 0x00000000   Number         0  port.o ABSOLUTE
    ..\Src\gpio.c                            0x00000000   Number         0  gpio.o ABSOLUTE
    ..\Src\main.c                            0x00000000   Number         0  main.o ABSOLUTE
    ..\Src\stm32f4xx_hal_msp.c               0x00000000   Number         0  stm32f4xx_hal_msp.o ABSOLUTE
    ..\Src\stm32f4xx_it.c                    0x00000000   Number         0  stm32f4xx_it.o ABSOLUTE
    ..\Src\system_stm32f4xx.c                0x00000000   Number         0  system_stm32f4xx.o ABSOLUTE
    ..\Src\usart.c                           0x00000000   Number         0  usart.o ABSOLUTE
    cdcmple.s                                0x00000000   Number         0  cdcmple.o ABSOLUTE
    cdrcmple.s                               0x00000000   Number         0  cdrcmple.o ABSOLUTE
    dc.s                                     0x00000000   Number         0  dc.o ABSOLUTE
    handlers.s                               0x00000000   Number         0  handlers.o ABSOLUTE
    init.s                                   0x00000000   Number         0  init.o ABSOLUTE
    startup_stm32f407xx.s                    0x00000000   Number         0  startup_stm32f407xx.o ABSOLUTE
    RESET                                    0x08000000   Section      392  startup_stm32f407xx.o(RESET)
    .ARM.Collect$$$$00000000                 0x08000188   Section        0  entry.o(.ARM.Collect$$$$00000000)
    .ARM.Collect$$$$00000001                 0x08000188   Section        4  entry2.o(.ARM.Collect$$$$00000001)
    .ARM.Collect$$$$00000004                 0x0800018c   Section        4  entry5.o(.ARM.Collect$$$$00000004)
    .ARM.Collect$$$$00000008                 0x08000190   Section        0  entry7b.o(.ARM.Collect$$$$00000008)
    .ARM.Collect$$$$0000000A                 0x08000190   Section        0  entry8b.o(.ARM.Collect$$$$0000000A)
    .ARM.Collect$$$$0000000B                 0x08000190   Section        8  entry9a.o(.ARM.Collect$$$$0000000B)
    .ARM.Collect$$$$0000000D                 0x08000198   Section        0  entry10a.o(.ARM.Collect$$$$0000000D)
    .ARM.Collect$$$$0000000F                 0x08000198   Section        0  entry11a.o(.ARM.Collect$$$$0000000F)
    .ARM.Collect$$$$00002712                 0x08000198   Section        4  entry2.o(.ARM.Collect$$$$00002712)
    __lit__00000000                          0x08000198   Data           4  entry2.o(.ARM.Collect$$$$00002712)
    .emb_text                                0x0800019c   Section      186  port.o(.emb_text)
    $v0                                      0x0800019c   Number         0  port.o(.emb_text)
    .text                                    0x08000258   Section       36  startup_stm32f407xx.o(.text)
    $v0                                      0x08000258   Number         0  startup_stm32f407xx.o(.text)
    .text                                    0x0800027c   Section        0  uldiv.o(.text)
    .text                                    0x080002de   Section        0  memcpya.o(.text)
    .text                                    0x08000302   Section        0  memseta.o(.text)
    .text                                    0x08000326   Section        0  strlen.o(.text)
    .text                                    0x08000334   Section        0  strcmp.o(.text)
    .text                                    0x08000350   Section        0  strcpy.o(.text)
    .text                                    0x08000364   Section        0  __0sscanf.o(.text)
    .text                                    0x0800039c   Section        0  scanf_fp.o(.text)
    _fp_value                                0x0800039d   Thumb Code   296  scanf_fp.o(.text)
    .text                                    0x080006fc   Section        0  ddiv.o(.text)
    .text                                    0x080007da   Section        0  dflti.o(.text)
    .text                                    0x080007fc   Section        0  dfixi.o(.text)
    .text                                    0x0800083c   Section       48  cdcmple.o(.text)
    .text                                    0x0800086c   Section       48  cdrcmple.o(.text)
    .text                                    0x0800089c   Section        0  uidiv.o(.text)
    .text                                    0x080008c8   Section        0  llshl.o(.text)
    .text                                    0x080008e6   Section        0  llushr.o(.text)
    .text                                    0x08000908   Section        0  scanf_char.o(.text)
    _scanf_char_input                        0x08000909   Thumb Code    12  scanf_char.o(.text)
    .text                                    0x08000930   Section        0  _sgetc.o(.text)
    .text                                    0x08000970   Section        0  iusefp.o(.text)
    .text                                    0x08000970   Section        0  depilogue.o(.text)
    .text                                    0x08000a2a   Section        0  dadd.o(.text)
    .text                                    0x08000b78   Section        0  dmul.o(.text)
    .text                                    0x08000c5c   Section        0  dfltul.o(.text)
    .text                                    0x08000c74   Section        0  dfixul.o(.text)
    .text                                    0x08000ca4   Section        0  d2f.o(.text)
    .text                                    0x08000cdc   Section       36  init.o(.text)
    .text                                    0x08000d00   Section        0  llsshr.o(.text)
    .text                                    0x08000d24   Section        0  isspace_c.o(.text)
    .text                                    0x08000d30   Section        0  _scanf.o(.text)
    .text                                    0x0800105c   Section        0  fepilogue.o(.text)
    .text                                    0x080010cc   Section        0  ctype_c.o(.text)
    i.BusFault_Handler                       0x080010f4   Section        0  stm32f4xx_it.o(i.BusFault_Handler)
    i.DebugMon_Handler                       0x080010f6   Section        0  stm32f4xx_it.o(i.DebugMon_Handler)
    i.HAL_DMA_Abort_IT                       0x080010f8   Section        0  stm32f4xx_hal_dma.o(i.HAL_DMA_Abort_IT)
    i.HAL_Delay                              0x0800111c   Section        0  stm32f4xx_hal.o(i.HAL_Delay)
    i.HAL_GPIO_Init                          0x08001140   Section        0  stm32f4xx_hal_gpio.o(i.HAL_GPIO_Init)
    i.HAL_GPIO_WritePin                      0x080012f0   Section        0  stm32f4xx_hal_gpio.o(i.HAL_GPIO_WritePin)
    i.HAL_GetTick                            0x080012fc   Section        0  stm32f4xx_hal.o(i.HAL_GetTick)
    i.HAL_IncTick                            0x08001308   Section        0  stm32f4xx_hal.o(i.HAL_IncTick)
    i.HAL_Init                               0x08001318   Section        0  stm32f4xx_hal.o(i.HAL_Init)
    i.HAL_InitTick                           0x0800134c   Section        0  stm32f4xx_hal.o(i.HAL_InitTick)
    i.HAL_MspInit                            0x0800138c   Section        0  stm32f4xx_hal_msp.o(i.HAL_MspInit)
    i.HAL_NVIC_EnableIRQ                     0x080013e4   Section        0  stm32f4xx_hal_cortex.o(i.HAL_NVIC_EnableIRQ)
    i.HAL_NVIC_SetPriority                   0x080013fc   Section        0  stm32f4xx_hal_cortex.o(i.HAL_NVIC_SetPriority)
    i.HAL_NVIC_SetPriorityGrouping           0x0800143c   Section        0  stm32f4xx_hal_cortex.o(i.HAL_NVIC_SetPriorityGrouping)
    i.HAL_RCC_ClockConfig                    0x08001460   Section        0  stm32f4xx_hal_rcc.o(i.HAL_RCC_ClockConfig)
    i.HAL_RCC_GetHCLKFreq                    0x08001590   Section        0  stm32f4xx_hal_rcc.o(i.HAL_RCC_GetHCLKFreq)
    i.HAL_RCC_GetPCLK1Freq                   0x0800159c   Section        0  stm32f4xx_hal_rcc.o(i.HAL_RCC_GetPCLK1Freq)
    i.HAL_RCC_GetPCLK2Freq                   0x080015bc   Section        0  stm32f4xx_hal_rcc.o(i.HAL_RCC_GetPCLK2Freq)
    i.HAL_RCC_GetSysClockFreq                0x080015dc   Section        0  stm32f4xx_hal_rcc.o(i.HAL_RCC_GetSysClockFreq)
    i.HAL_RCC_OscConfig                      0x08001640   Section        0  stm32f4xx_hal_rcc.o(i.HAL_RCC_OscConfig)
    i.HAL_SYSTICK_CLKSourceConfig            0x0800195c   Section        0  stm32f4xx_hal_cortex.o(i.HAL_SYSTICK_CLKSourceConfig)
    i.HAL_SYSTICK_Config                     0x08001974   Section        0  stm32f4xx_hal_cortex.o(i.HAL_SYSTICK_Config)
    i.HAL_UART_ErrorCallback                 0x0800199c   Section        0  stm32f4xx_hal_uart.o(i.HAL_UART_ErrorCallback)
    i.HAL_UART_IRQHandler                    0x080019a0   Section        0  stm32f4xx_hal_uart.o(i.HAL_UART_IRQHandler)
    i.HAL_UART_Init                          0x08001ab0   Section        0  stm32f4xx_hal_uart.o(i.HAL_UART_Init)
    i.HAL_UART_MspInit                       0x08001b14   Section        0  usart.o(i.HAL_UART_MspInit)
    i.HAL_UART_RxCpltCallback                0x08001b70   Section        0  stm32f4xx_hal_uart.o(i.HAL_UART_RxCpltCallback)
    i.HAL_UART_Transmit                      0x08001b72   Section        0  stm32f4xx_hal_uart.o(i.HAL_UART_Transmit)
    i.HAL_UART_TxCpltCallback                0x08001c2c   Section        0  stm32f4xx_hal_uart.o(i.HAL_UART_TxCpltCallback)
    i.HardFault_Handler                      0x08001c2e   Section        0  stm32f4xx_it.o(i.HardFault_Handler)
    i.MX_GPIO_Init                           0x08001c30   Section        0  gpio.o(i.MX_GPIO_Init)
    i.MX_USART1_UART_Init                    0x08001cb8   Section        0  usart.o(i.MX_USART1_UART_Init)
    i.MemManage_Handler                      0x08001d04   Section        0  stm32f4xx_it.o(i.MemManage_Handler)
    i.NMI_Handler                            0x08001d06   Section        0  stm32f4xx_it.o(i.NMI_Handler)
    i.NVIC_SetPriority                       0x08001d08   Section        0  stm32f4xx_hal_cortex.o(i.NVIC_SetPriority)
    NVIC_SetPriority                         0x08001d09   Thumb Code    32  stm32f4xx_hal_cortex.o(i.NVIC_SetPriority)
    i.SysTick_Handler                        0x08001d28   Section        0  stm32f4xx_it.o(i.SysTick_Handler)
    i.SystemClock_Config                     0x08001d38   Section        0  main.o(i.SystemClock_Config)
    i.SystemInit                             0x08001dd8   Section        0  system_stm32f4xx.o(i.SystemInit)
    i.UART_DMAAbortOnError                   0x08001e2c   Section        0  stm32f4xx_hal_uart.o(i.UART_DMAAbortOnError)
    UART_DMAAbortOnError                     0x08001e2d   Thumb Code    16  stm32f4xx_hal_uart.o(i.UART_DMAAbortOnError)
    i.UART_EndRxTransfer                     0x08001e3c   Section        0  stm32f4xx_hal_uart.o(i.UART_EndRxTransfer)
    UART_EndRxTransfer                       0x08001e3d   Thumb Code    28  stm32f4xx_hal_uart.o(i.UART_EndRxTransfer)
    i.UART_Receive_IT                        0x08001e58   Section        0  stm32f4xx_hal_uart.o(i.UART_Receive_IT)
    UART_Receive_IT                          0x08001e59   Thumb Code   140  stm32f4xx_hal_uart.o(i.UART_Receive_IT)
    i.UART_SetConfig                         0x08001ee4   Section        0  stm32f4xx_hal_uart.o(i.UART_SetConfig)
    UART_SetConfig                           0x08001ee5   Thumb Code   676  stm32f4xx_hal_uart.o(i.UART_SetConfig)
    i.UART_Transmit_IT                       0x08002190   Section        0  stm32f4xx_hal_uart.o(i.UART_Transmit_IT)
    UART_Transmit_IT                         0x08002191   Thumb Code    98  stm32f4xx_hal_uart.o(i.UART_Transmit_IT)
    i.UART_WaitOnFlagUntilTimeout            0x080021f2   Section        0  stm32f4xx_hal_uart.o(i.UART_WaitOnFlagUntilTimeout)
    UART_WaitOnFlagUntilTimeout              0x080021f3   Thumb Code   100  stm32f4xx_hal_uart.o(i.UART_WaitOnFlagUntilTimeout)
    i.USART1_IRQHandler                      0x08002258   Section        0  stm32f4xx_it.o(i.USART1_IRQHandler)
    i.UsageFault_Handler                     0x08002264   Section        0  stm32f4xx_it.o(i.UsageFault_Handler)
    i._Error_Handler                         0x08002266   Section        0  main.o(i._Error_Handler)
    i.__0printf                              0x08002268   Section        0  printfa.o(i.__0printf)
    i.__0sprintf                             0x08002288   Section        0  printfa.o(i.__0sprintf)
    i.__free$realloc                         0x080022b0   Section        0  mallocr.o(i.__free$realloc)
    i.__malloc$realloc                       0x0800230c   Section        0  mallocr.o(i.__malloc$realloc)
    i.__scatterload_copy                     0x0800235c   Section       14  handlers.o(i.__scatterload_copy)
    i.__scatterload_null                     0x0800236a   Section        2  handlers.o(i.__scatterload_null)
    i.__scatterload_zeroinit                 0x0800236c   Section       14  handlers.o(i.__scatterload_zeroinit)
    i._fp_digits                             0x0800237c   Section        0  printfa.o(i._fp_digits)
    _fp_digits                               0x0800237d   Thumb Code   366  printfa.o(i._fp_digits)
    i._is_digit                              0x08002500   Section        0  scanf_fp.o(i._is_digit)
    i._printf_core                           0x08002510   Section        0  printfa.o(i._printf_core)
    _printf_core                             0x08002511   Thumb Code  1744  printfa.o(i._printf_core)
    i._printf_post_padding                   0x08002bec   Section        0  printfa.o(i._printf_post_padding)
    _printf_post_padding                     0x08002bed   Thumb Code    36  printfa.o(i._printf_post_padding)
    i._printf_pre_padding                    0x08002c10   Section        0  printfa.o(i._printf_pre_padding)
    _printf_pre_padding                      0x08002c11   Thumb Code    46  printfa.o(i._printf_pre_padding)
    i._sputc                                 0x08002c3e   Section        0  printfa.o(i._sputc)
    _sputc                                   0x08002c3f   Thumb Code    10  printfa.o(i._sputc)
    i.add_item_to_array                      0x08002c48   Section        0  cjson.o(i.add_item_to_array)
    add_item_to_array                        0x08002c49   Thumb Code    34  cjson.o(i.add_item_to_array)
    i.add_item_to_object                     0x08002c6a   Section        0  cjson.o(i.add_item_to_object)
    add_item_to_object                       0x08002c6b   Thumb Code    86  cjson.o(i.add_item_to_object)
    i.cJSON_AddFalseToObject                 0x08002cc0   Section        0  cjson.o(i.cJSON_AddFalseToObject)
    i.cJSON_AddItemToArray                   0x08002cf0   Section        0  cjson.o(i.cJSON_AddItemToArray)
    i.cJSON_AddItemToObject                  0x08002cf4   Section        0  cjson.o(i.cJSON_AddItemToObject)
    i.cJSON_AddNumberToObject                0x08002d08   Section        0  cjson.o(i.cJSON_AddNumberToObject)
    i.cJSON_AddStringToObject                0x08002d38   Section        0  cjson.o(i.cJSON_AddStringToObject)
    i.cJSON_CreateArray                      0x08002d68   Section        0  cjson.o(i.cJSON_CreateArray)
    i.cJSON_CreateFalse                      0x08002d80   Section        0  cjson.o(i.cJSON_CreateFalse)
    i.cJSON_CreateIntArray                   0x08002d98   Section        0  cjson.o(i.cJSON_CreateIntArray)
    i.cJSON_CreateNumber                     0x08002df0   Section        0  cjson.o(i.cJSON_CreateNumber)
    i.cJSON_CreateObject                     0x08002e68   Section        0  cjson.o(i.cJSON_CreateObject)
    i.cJSON_CreateString                     0x08002e80   Section        0  cjson.o(i.cJSON_CreateString)
    i.cJSON_CreateStringArray                0x08002eb0   Section        0  cjson.o(i.cJSON_CreateStringArray)
    i.cJSON_Delete                           0x08002f00   Section        0  cjson.o(i.cJSON_Delete)
    i.cJSON_New_Item                         0x08002f48   Section        0  cjson.o(i.cJSON_New_Item)
    cJSON_New_Item                           0x08002f49   Thumb Code    22  cjson.o(i.cJSON_New_Item)
    i.cJSON_Print                            0x08002f60   Section        0  cjson.o(i.cJSON_Print)
    i.cJSON_PrintPreallocated                0x08002f6c   Section        0  cjson.o(i.cJSON_PrintPreallocated)
    i.cJSON_Version                          0x08002fb4   Section        0  cjson.o(i.cJSON_Version)
    i.cJSON_strdup                           0x08002fdc   Section        0  cjson.o(i.cJSON_strdup)
    cJSON_strdup                             0x08002fdd   Thumb Code    40  cjson.o(i.cJSON_strdup)
    i.cJSON_test                             0x08003004   Section        0  test.o(i.cJSON_test)
    i.create_objects                         0x0800302c   Section        0  test.o(i.create_objects)
    create_objects                           0x0800302d   Thumb Code   584  test.o(i.create_objects)
    i.ensure                                 0x080033dc   Section        0  cjson.o(i.ensure)
    ensure                                   0x080033dd   Thumb Code   138  cjson.o(i.ensure)
    i.fputc                                  0x08003468   Section        0  usart.o(i.fputc)
    i.internal_alloc                         0x08003480   Section        0  mallocr.o(i.internal_alloc)
    internal_alloc                           0x08003481   Thumb Code    76  mallocr.o(i.internal_alloc)
    i.main                                   0x080034d0   Section        0  main.o(i.main)
    i.osSystickHandler                       0x08003514   Section        0  cmsis_os.o(i.osSystickHandler)
    i.print                                  0x08003528   Section        0  cjson.o(i.print)
    print                                    0x08003529   Thumb Code   152  cjson.o(i.print)
    i.print_array                            0x080035c0   Section        0  cjson.o(i.print_array)
    print_array                              0x080035c1   Thumb Code   150  cjson.o(i.print_array)
    i.print_number                           0x08003658   Section        0  cjson.o(i.print_number)
    print_number                             0x08003659   Thumb Code   148  cjson.o(i.print_number)
    i.print_object                           0x08003700   Section        0  cjson.o(i.print_object)
    print_object                             0x08003701   Thumb Code   320  cjson.o(i.print_object)
    i.print_preallocated                     0x08003840   Section        0  test.o(i.print_preallocated)
    print_preallocated                       0x08003841   Thumb Code   202  test.o(i.print_preallocated)
    i.print_string_ptr                       0x080039c8   Section        0  cjson.o(i.print_string_ptr)
    print_string_ptr                         0x080039c9   Thumb Code   258  cjson.o(i.print_string_ptr)
    i.print_value                            0x08003ad8   Section        0  cjson.o(i.print_value)
    print_value                              0x08003ad9   Thumb Code   182  cjson.o(i.print_value)
    i.prvResetNextTaskUnblockTime            0x08003ba8   Section        0  tasks.o(i.prvResetNextTaskUnblockTime)
    prvResetNextTaskUnblockTime              0x08003ba9   Thumb Code    26  tasks.o(i.prvResetNextTaskUnblockTime)
    i.realloc                                0x08003bc8   Section        0  mallocr.o(i.realloc)
    i.update_offset                          0x08003c34   Section        0  cjson.o(i.update_offset)
    update_offset                            0x08003c35   Thumb Code    28  cjson.o(i.update_offset)
    i.uxListRemove                           0x08003c50   Section        0  list.o(i.uxListRemove)
    i.vListInsertEnd                         0x08003c74   Section        0  list.o(i.vListInsertEnd)
    i.vTaskSwitchContext                     0x08003c8c   Section        0  tasks.o(i.vTaskSwitchContext)
    i.xPortSysTickHandler                    0x08003ce8   Section        0  port.o(i.xPortSysTickHandler)
    i.xTaskGetSchedulerState                 0x08003d14   Section        0  tasks.o(i.xTaskGetSchedulerState)
    i.xTaskIncrementTick                     0x08003d30   Section        0  tasks.o(i.xTaskIncrementTick)
    .constdata                               0x08003df8   Section       16  system_stm32f4xx.o(.constdata)
    .constdata                               0x08003e08   Section        8  system_stm32f4xx.o(.constdata)
    .constdata                               0x08003e10   Section      176  test.o(.constdata)
    .constdata                               0x08003ec0   Section       64  ctype_c.o(.constdata)
    .conststring                             0x08003f00   Section      193  test.o(.conststring)
    .data                                    0x20000000   Section       60  tasks.o(.data)
    uxDeletedTasksWaitingCleanUp             0x20000004   Data           4  tasks.o(.data)
    uxCurrentNumberOfTasks                   0x20000008   Data           4  tasks.o(.data)
    xTickCount                               0x2000000c   Data           4  tasks.o(.data)
    uxTopReadyPriority                       0x20000010   Data           4  tasks.o(.data)
    xSchedulerRunning                        0x20000014   Data           4  tasks.o(.data)
    uxPendedTicks                            0x20000018   Data           4  tasks.o(.data)
    xYieldPending                            0x2000001c   Data           4  tasks.o(.data)
    xNumOfOverflows                          0x20000020   Data           4  tasks.o(.data)
    uxTaskNumber                             0x20000024   Data           4  tasks.o(.data)
    xNextTaskUnblockTime                     0x20000028   Data           4  tasks.o(.data)
    xIdleTaskHandle                          0x2000002c   Data           4  tasks.o(.data)
    uxSchedulerSuspended                     0x20000030   Data           4  tasks.o(.data)
    pxDelayedTaskList                        0x20000034   Data           4  tasks.o(.data)
    pxOverflowDelayedTaskList                0x20000038   Data           4  tasks.o(.data)
    .data                                    0x2000003c   Section       12  stm32f4xx_hal.o(.data)
    .data                                    0x20000048   Section        4  system_stm32f4xx.o(.data)
    .data                                    0x2000004c   Section       20  cjson.o(.data)
    global_error                             0x2000004c   Data           8  cjson.o(.data)
    global_hooks                             0x20000054   Data          12  cjson.o(.data)
    .data                                    0x20000060   Section        4  stdout.o(.data)
    .data                                    0x20000064   Section        4  mvars.o(.data)
    .data                                    0x20000068   Section        4  mvars.o(.data)
    .bss                                     0x2000006c   Section      240  tasks.o(.bss)
    pxReadyTasksLists                        0x2000006c   Data         140  tasks.o(.bss)
    xDelayedTaskList1                        0x200000f8   Data          20  tasks.o(.bss)
    xDelayedTaskList2                        0x2000010c   Data          20  tasks.o(.bss)
    xPendingReadyList                        0x20000120   Data          20  tasks.o(.bss)
    xTasksWaitingTermination                 0x20000134   Data          20  tasks.o(.bss)
    xSuspendedTaskList                       0x20000148   Data          20  tasks.o(.bss)
    .bss                                     0x2000015c   Section       64  usart.o(.bss)
    .bss                                     0x2000019c   Section       15  cjson.o(.bss)
    version                                  0x2000019c   Data          15  cjson.o(.bss)
    HEAP                                     0x200001b0   Section     3072  startup_stm32f407xx.o(HEAP)
    STACK                                    0x20000db0   Section     1024  startup_stm32f407xx.o(STACK)

    Global Symbols

    Symbol Name                              Value     Ov Type        Size  Object(Section)

    BuildAttributes$$THM_ISAv4$E$P$D$K$B$S$7EM$VFPi3$EXTD16$VFPS$VFMA$PE$A:L22UL41UL21$X:L11$S22US41US21$IEEE1$IW$USESV6$~STKCKD$USESV7$~SHL$OTIME$ROPI$IEEEJ$EBA8$MICROLIB$REQ8$PRES8$EABIv2 0x00000000   Number         0  anon$$obj.o ABSOLUTE
    __ARM_use_no_argv                        0x00000000   Number         0  main.o ABSOLUTE
    _printf_a                                0x00000000   Number         0  stubs.o ABSOLUTE
    _printf_c                                0x00000000   Number         0  stubs.o ABSOLUTE
    _printf_charcount                        0x00000000   Number         0  stubs.o ABSOLUTE
    _printf_d                                0x00000000   Number         0  stubs.o ABSOLUTE
    _printf_e                                0x00000000   Number         0  stubs.o ABSOLUTE
    _printf_f                                0x00000000   Number         0  stubs.o ABSOLUTE
    _printf_flags                            0x00000000   Number         0  stubs.o ABSOLUTE
    _printf_fp_dec                           0x00000000   Number         0  stubs.o ABSOLUTE
    _printf_fp_hex                           0x00000000   Number         0  stubs.o ABSOLUTE
    _printf_g                                0x00000000   Number         0  stubs.o ABSOLUTE
    _printf_i                                0x00000000   Number         0  stubs.o ABSOLUTE
    _printf_int_dec                          0x00000000   Number         0  stubs.o ABSOLUTE
    _printf_l                                0x00000000   Number         0  stubs.o ABSOLUTE
    _printf_lc                               0x00000000   Number         0  stubs.o ABSOLUTE
    _printf_ll                               0x00000000   Number         0  stubs.o ABSOLUTE
    _printf_lld                              0x00000000   Number         0  stubs.o ABSOLUTE
    _printf_lli                              0x00000000   Number         0  stubs.o ABSOLUTE
    _printf_llo                              0x00000000   Number         0  stubs.o ABSOLUTE
    _printf_llu                              0x00000000   Number         0  stubs.o ABSOLUTE
    _printf_llx                              0x00000000   Number         0  stubs.o ABSOLUTE
    _printf_longlong_dec                     0x00000000   Number         0  stubs.o ABSOLUTE
    _printf_longlong_hex                     0x00000000   Number         0  stubs.o ABSOLUTE
    _printf_longlong_oct                     0x00000000   Number         0  stubs.o ABSOLUTE
    _printf_ls                               0x00000000   Number         0  stubs.o ABSOLUTE
    _printf_mbtowc                           0x00000000   Number         0  stubs.o ABSOLUTE
    _printf_n                                0x00000000   Number         0  stubs.o ABSOLUTE
    _printf_o                                0x00000000   Number         0  stubs.o ABSOLUTE
    _printf_p                                0x00000000   Number         0  stubs.o ABSOLUTE
    _printf_percent                          0x00000000   Number         0  stubs.o ABSOLUTE
    _printf_pre_padding                      0x00000000   Number         0  stubs.o ABSOLUTE
    _printf_return_value                     0x00000000   Number         0  stubs.o ABSOLUTE
    _printf_s                                0x00000000   Number         0  stubs.o ABSOLUTE
    _printf_sizespec                         0x00000000   Number         0  stubs.o ABSOLUTE
    _printf_str                              0x00000000   Number         0  stubs.o ABSOLUTE
    _printf_truncate_signed                  0x00000000   Number         0  stubs.o ABSOLUTE
    _printf_truncate_unsigned                0x00000000   Number         0  stubs.o ABSOLUTE
    _printf_u                                0x00000000   Number         0  stubs.o ABSOLUTE
    _printf_wc                               0x00000000   Number         0  stubs.o ABSOLUTE
    _printf_wctomb                           0x00000000   Number         0  stubs.o ABSOLUTE
    _printf_widthprec                        0x00000000   Number         0  stubs.o ABSOLUTE
    _printf_x                                0x00000000   Number         0  stubs.o ABSOLUTE
    __cpp_initialize__aeabi_                  - Undefined Weak Reference
    __cxa_finalize                            - Undefined Weak Reference
    __decompress                              - Undefined Weak Reference
    _clock_init                               - Undefined Weak Reference
    _microlib_exit                            - Undefined Weak Reference
    _scanf_int                                - Undefined Weak Reference
    _scanf_longlong                           - Undefined Weak Reference
    _scanf_string                             - Undefined Weak Reference
    __Vectors_Size                           0x00000188   Number         0  startup_stm32f407xx.o ABSOLUTE
    __Vectors                                0x08000000   Data           4  startup_stm32f407xx.o(RESET)
    __Vectors_End                            0x08000188   Data           0  startup_stm32f407xx.o(RESET)
    __main                                   0x08000189   Thumb Code     0  entry.o(.ARM.Collect$$$$00000000)
    _main_stk                                0x08000189   Thumb Code     0  entry2.o(.ARM.Collect$$$$00000001)
    _main_scatterload                        0x0800018d   Thumb Code     0  entry5.o(.ARM.Collect$$$$00000004)
    __main_after_scatterload                 0x08000191   Thumb Code     0  entry5.o(.ARM.Collect$$$$00000004)
    _main_clock                              0x08000191   Thumb Code     0  entry7b.o(.ARM.Collect$$$$00000008)
    _main_cpp_init                           0x08000191   Thumb Code     0  entry8b.o(.ARM.Collect$$$$0000000A)
    _main_init                               0x08000191   Thumb Code     0  entry9a.o(.ARM.Collect$$$$0000000B)
    __rt_final_cpp                           0x08000199   Thumb Code     0  entry10a.o(.ARM.Collect$$$$0000000D)
    __rt_final_exit                          0x08000199   Thumb Code     0  entry11a.o(.ARM.Collect$$$$0000000F)
    SVC_Handler                              0x0800019d   Thumb Code    28  port.o(.emb_text)
    __asm___6_port_c_39a90d8d__prvStartFirstTask 0x080001bd   Thumb Code    28  port.o(.emb_text)
    __asm___6_port_c_39a90d8d__prvEnableVFP  0x080001dd   Thumb Code    16  port.o(.emb_text)
    PendSV_Handler                           0x080001f1   Thumb Code    92  port.o(.emb_text)
    vPortGetIPSR                             0x08000251   Thumb Code     6  port.o(.emb_text)
    Reset_Handler                            0x08000259   Thumb Code     8  startup_stm32f407xx.o(.text)
    ADC_IRQHandler                           0x08000273   Thumb Code     0  startup_stm32f407xx.o(.text)
    CAN1_RX0_IRQHandler                      0x08000273   Thumb Code     0  startup_stm32f407xx.o(.text)
    CAN1_RX1_IRQHandler                      0x08000273   Thumb Code     0  startup_stm32f407xx.o(.text)
    CAN1_SCE_IRQHandler                      0x08000273   Thumb Code     0  startup_stm32f407xx.o(.text)
    CAN1_TX_IRQHandler                       0x08000273   Thumb Code     0  startup_stm32f407xx.o(.text)
    CAN2_RX0_IRQHandler                      0x08000273   Thumb Code     0  startup_stm32f407xx.o(.text)
    CAN2_RX1_IRQHandler                      0x08000273   Thumb Code     0  startup_stm32f407xx.o(.text)
    CAN2_SCE_IRQHandler                      0x08000273   Thumb Code     0  startup_stm32f407xx.o(.text)
    CAN2_TX_IRQHandler                       0x08000273   Thumb Code     0  startup_stm32f407xx.o(.text)
    DCMI_IRQHandler                          0x08000273   Thumb Code     0  startup_stm32f407xx.o(.text)
    DMA1_Stream0_IRQHandler                  0x08000273   Thumb Code     0  startup_stm32f407xx.o(.text)
    DMA1_Stream1_IRQHandler                  0x08000273   Thumb Code     0  startup_stm32f407xx.o(.text)
    DMA1_Stream2_IRQHandler                  0x08000273   Thumb Code     0  startup_stm32f407xx.o(.text)
    DMA1_Stream3_IRQHandler                  0x08000273   Thumb Code     0  startup_stm32f407xx.o(.text)
    DMA1_Stream4_IRQHandler                  0x08000273   Thumb Code     0  startup_stm32f407xx.o(.text)
    DMA1_Stream5_IRQHandler                  0x08000273   Thumb Code     0  startup_stm32f407xx.o(.text)
    DMA1_Stream6_IRQHandler                  0x08000273   Thumb Code     0  startup_stm32f407xx.o(.text)
    DMA1_Stream7_IRQHandler                  0x08000273   Thumb Code     0  startup_stm32f407xx.o(.text)
    DMA2_Stream0_IRQHandler                  0x08000273   Thumb Code     0  startup_stm32f407xx.o(.text)
    DMA2_Stream1_IRQHandler                  0x08000273   Thumb Code     0  startup_stm32f407xx.o(.text)
    DMA2_Stream2_IRQHandler                  0x08000273   Thumb Code     0  startup_stm32f407xx.o(.text)
    DMA2_Stream3_IRQHandler                  0x08000273   Thumb Code     0  startup_stm32f407xx.o(.text)
    DMA2_Stream4_IRQHandler                  0x08000273   Thumb Code     0  startup_stm32f407xx.o(.text)
    DMA2_Stream5_IRQHandler                  0x08000273   Thumb Code     0  startup_stm32f407xx.o(.text)
    DMA2_Stream6_IRQHandler                  0x08000273   Thumb Code     0  startup_stm32f407xx.o(.text)
    DMA2_Stream7_IRQHandler                  0x08000273   Thumb Code     0  startup_stm32f407xx.o(.text)
    ETH_IRQHandler                           0x08000273   Thumb Code     0  startup_stm32f407xx.o(.text)
    ETH_WKUP_IRQHandler                      0x08000273   Thumb Code     0  startup_stm32f407xx.o(.text)
    EXTI0_IRQHandler                         0x08000273   Thumb Code     0  startup_stm32f407xx.o(.text)
    EXTI15_10_IRQHandler                     0x08000273   Thumb Code     0  startup_stm32f407xx.o(.text)
    EXTI1_IRQHandler                         0x08000273   Thumb Code     0  startup_stm32f407xx.o(.text)
    EXTI2_IRQHandler                         0x08000273   Thumb Code     0  startup_stm32f407xx.o(.text)
    EXTI3_IRQHandler                         0x08000273   Thumb Code     0  startup_stm32f407xx.o(.text)
    EXTI4_IRQHandler                         0x08000273   Thumb Code     0  startup_stm32f407xx.o(.text)
    EXTI9_5_IRQHandler                       0x08000273   Thumb Code     0  startup_stm32f407xx.o(.text)
    FLASH_IRQHandler                         0x08000273   Thumb Code     0  startup_stm32f407xx.o(.text)
    FMC_IRQHandler                           0x08000273   Thumb Code     0  startup_stm32f407xx.o(.text)
    FPU_IRQHandler                           0x08000273   Thumb Code     0  startup_stm32f407xx.o(.text)
    HASH_RNG_IRQHandler                      0x08000273   Thumb Code     0  startup_stm32f407xx.o(.text)
    I2C1_ER_IRQHandler                       0x08000273   Thumb Code     0  startup_stm32f407xx.o(.text)
    I2C1_EV_IRQHandler                       0x08000273   Thumb Code     0  startup_stm32f407xx.o(.text)
    I2C2_ER_IRQHandler                       0x08000273   Thumb Code     0  startup_stm32f407xx.o(.text)
    I2C2_EV_IRQHandler                       0x08000273   Thumb Code     0  startup_stm32f407xx.o(.text)
    I2C3_ER_IRQHandler                       0x08000273   Thumb Code     0  startup_stm32f407xx.o(.text)
    I2C3_EV_IRQHandler                       0x08000273   Thumb Code     0  startup_stm32f407xx.o(.text)
    OTG_FS_IRQHandler                        0x08000273   Thumb Code     0  startup_stm32f407xx.o(.text)
    OTG_FS_WKUP_IRQHandler                   0x08000273   Thumb Code     0  startup_stm32f407xx.o(.text)
    OTG_HS_EP1_IN_IRQHandler                 0x08000273   Thumb Code     0  startup_stm32f407xx.o(.text)
    OTG_HS_EP1_OUT_IRQHandler                0x08000273   Thumb Code     0  startup_stm32f407xx.o(.text)
    OTG_HS_IRQHandler                        0x08000273   Thumb Code     0  startup_stm32f407xx.o(.text)
    OTG_HS_WKUP_IRQHandler                   0x08000273   Thumb Code     0  startup_stm32f407xx.o(.text)
    PVD_IRQHandler                           0x08000273   Thumb Code     0  startup_stm32f407xx.o(.text)
    RCC_IRQHandler                           0x08000273   Thumb Code     0  startup_stm32f407xx.o(.text)
    RTC_Alarm_IRQHandler                     0x08000273   Thumb Code     0  startup_stm32f407xx.o(.text)
    RTC_WKUP_IRQHandler                      0x08000273   Thumb Code     0  startup_stm32f407xx.o(.text)
    SDIO_IRQHandler                          0x08000273   Thumb Code     0  startup_stm32f407xx.o(.text)
    SPI1_IRQHandler                          0x08000273   Thumb Code     0  startup_stm32f407xx.o(.text)
    SPI2_IRQHandler                          0x08000273   Thumb Code     0  startup_stm32f407xx.o(.text)
    SPI3_IRQHandler                          0x08000273   Thumb Code     0  startup_stm32f407xx.o(.text)
    TAMP_STAMP_IRQHandler                    0x08000273   Thumb Code     0  startup_stm32f407xx.o(.text)
    TIM1_BRK_TIM9_IRQHandler                 0x08000273   Thumb Code     0  startup_stm32f407xx.o(.text)
    TIM1_CC_IRQHandler                       0x08000273   Thumb Code     0  startup_stm32f407xx.o(.text)
    TIM1_TRG_COM_TIM11_IRQHandler            0x08000273   Thumb Code     0  startup_stm32f407xx.o(.text)
    TIM1_UP_TIM10_IRQHandler                 0x08000273   Thumb Code     0  startup_stm32f407xx.o(.text)
    TIM2_IRQHandler                          0x08000273   Thumb Code     0  startup_stm32f407xx.o(.text)
    TIM3_IRQHandler                          0x08000273   Thumb Code     0  startup_stm32f407xx.o(.text)
    TIM4_IRQHandler                          0x08000273   Thumb Code     0  startup_stm32f407xx.o(.text)
    TIM5_IRQHandler                          0x08000273   Thumb Code     0  startup_stm32f407xx.o(.text)
    TIM6_DAC_IRQHandler                      0x08000273   Thumb Code     0  startup_stm32f407xx.o(.text)
    TIM7_IRQHandler                          0x08000273   Thumb Code     0  startup_stm32f407xx.o(.text)
    TIM8_BRK_TIM12_IRQHandler                0x08000273   Thumb Code     0  startup_stm32f407xx.o(.text)
    TIM8_CC_IRQHandler                       0x08000273   Thumb Code     0  startup_stm32f407xx.o(.text)
    TIM8_TRG_COM_TIM14_IRQHandler            0x08000273   Thumb Code     0  startup_stm32f407xx.o(.text)
    TIM8_UP_TIM13_IRQHandler                 0x08000273   Thumb Code     0  startup_stm32f407xx.o(.text)
    UART4_IRQHandler                         0x08000273   Thumb Code     0  startup_stm32f407xx.o(.text)
    UART5_IRQHandler                         0x08000273   Thumb Code     0  startup_stm32f407xx.o(.text)
    USART2_IRQHandler                        0x08000273   Thumb Code     0  startup_stm32f407xx.o(.text)
    USART3_IRQHandler                        0x08000273   Thumb Code     0  startup_stm32f407xx.o(.text)
    USART6_IRQHandler                        0x08000273   Thumb Code     0  startup_stm32f407xx.o(.text)
    WWDG_IRQHandler                          0x08000273   Thumb Code     0  startup_stm32f407xx.o(.text)
    __aeabi_uldivmod                         0x0800027d   Thumb Code    98  uldiv.o(.text)
    __aeabi_memcpy                           0x080002df   Thumb Code    36  memcpya.o(.text)
    __aeabi_memcpy4                          0x080002df   Thumb Code     0  memcpya.o(.text)
    __aeabi_memcpy8                          0x080002df   Thumb Code     0  memcpya.o(.text)
    __aeabi_memset                           0x08000303   Thumb Code    14  memseta.o(.text)
    __aeabi_memset4                          0x08000303   Thumb Code     0  memseta.o(.text)
    __aeabi_memset8                          0x08000303   Thumb Code     0  memseta.o(.text)
    __aeabi_memclr                           0x08000311   Thumb Code     4  memseta.o(.text)
    __aeabi_memclr4                          0x08000311   Thumb Code     0  memseta.o(.text)
    __aeabi_memclr8                          0x08000311   Thumb Code     0  memseta.o(.text)
    _memset$wrapper                          0x08000315   Thumb Code    18  memseta.o(.text)
    strlen                                   0x08000327   Thumb Code    14  strlen.o(.text)
    strcmp                                   0x08000335   Thumb Code    28  strcmp.o(.text)
    strcpy                                   0x08000351   Thumb Code    18  strcpy.o(.text)
    __0sscanf                                0x08000365   Thumb Code    48  __0sscanf.o(.text)
    _scanf_real                              0x080004c5   Thumb Code     0  scanf_fp.o(.text)
    _scanf_really_real                       0x080004c5   Thumb Code   556  scanf_fp.o(.text)
    __aeabi_ddiv                             0x080006fd   Thumb Code   222  ddiv.o(.text)
    __aeabi_i2d                              0x080007db   Thumb Code    34  dflti.o(.text)
    __aeabi_d2iz                             0x080007fd   Thumb Code    62  dfixi.o(.text)
    __aeabi_cdcmpeq                          0x0800083d   Thumb Code     0  cdcmple.o(.text)
    __aeabi_cdcmple                          0x0800083d   Thumb Code    48  cdcmple.o(.text)
    __aeabi_cdrcmple                         0x0800086d   Thumb Code    48  cdrcmple.o(.text)
    __aeabi_uidiv                            0x0800089d   Thumb Code     0  uidiv.o(.text)
    __aeabi_uidivmod                         0x0800089d   Thumb Code    44  uidiv.o(.text)
    __aeabi_llsl                             0x080008c9   Thumb Code    30  llshl.o(.text)
    _ll_shift_l                              0x080008c9   Thumb Code     0  llshl.o(.text)
    __aeabi_llsr                             0x080008e7   Thumb Code    32  llushr.o(.text)
    _ll_ushift_r                             0x080008e7   Thumb Code     0  llushr.o(.text)
    __vfscanf_char                           0x08000915   Thumb Code    20  scanf_char.o(.text)
    _sgetc                                   0x08000931   Thumb Code    30  _sgetc.o(.text)
    _sbackspace                              0x0800094f   Thumb Code    34  _sgetc.o(.text)
    __I$use$fp                               0x08000971   Thumb Code     0  iusefp.o(.text)
    _double_round                            0x08000971   Thumb Code    30  depilogue.o(.text)
    _double_epilogue                         0x0800098f   Thumb Code   156  depilogue.o(.text)
    __aeabi_dadd                             0x08000a2b   Thumb Code   322  dadd.o(.text)
    __aeabi_dsub                             0x08000b6d   Thumb Code     6  dadd.o(.text)
    __aeabi_drsub                            0x08000b73   Thumb Code     6  dadd.o(.text)
    __aeabi_dmul                             0x08000b79   Thumb Code   228  dmul.o(.text)
    __aeabi_ul2d                             0x08000c5d   Thumb Code    24  dfltul.o(.text)
    __aeabi_d2ulz                            0x08000c75   Thumb Code    48  dfixul.o(.text)
    __aeabi_d2f                              0x08000ca5   Thumb Code    56  d2f.o(.text)
    __scatterload                            0x08000cdd   Thumb Code    28  init.o(.text)
    __scatterload_rt2                        0x08000cdd   Thumb Code     0  init.o(.text)
    __aeabi_lasr                             0x08000d01   Thumb Code    36  llsshr.o(.text)
    _ll_sshift_r                             0x08000d01   Thumb Code     0  llsshr.o(.text)
    isspace                                  0x08000d25   Thumb Code    10  isspace_c.o(.text)
    __vfscanf                                0x08000d31   Thumb Code   808  _scanf.o(.text)
    _float_round                             0x0800105d   Thumb Code    18  fepilogue.o(.text)
    _float_epilogue                          0x0800106f   Thumb Code    92  fepilogue.o(.text)
    __ctype_lookup                           0x080010cd   Thumb Code    34  ctype_c.o(.text)
    BusFault_Handler                         0x080010f5   Thumb Code     2  stm32f4xx_it.o(i.BusFault_Handler)
    DebugMon_Handler                         0x080010f7   Thumb Code     2  stm32f4xx_it.o(i.DebugMon_Handler)
    HAL_DMA_Abort_IT                         0x080010f9   Thumb Code    36  stm32f4xx_hal_dma.o(i.HAL_DMA_Abort_IT)
    HAL_Delay                                0x0800111d   Thumb Code    32  stm32f4xx_hal.o(i.HAL_Delay)
    HAL_GPIO_Init                            0x08001141   Thumb Code   388  stm32f4xx_hal_gpio.o(i.HAL_GPIO_Init)
    HAL_GPIO_WritePin                        0x080012f1   Thumb Code    10  stm32f4xx_hal_gpio.o(i.HAL_GPIO_WritePin)
    HAL_GetTick                              0x080012fd   Thumb Code     6  stm32f4xx_hal.o(i.HAL_GetTick)
    HAL_IncTick                              0x08001309   Thumb Code    12  stm32f4xx_hal.o(i.HAL_IncTick)
    HAL_Init                                 0x08001319   Thumb Code    48  stm32f4xx_hal.o(i.HAL_Init)
    HAL_InitTick                             0x0800134d   Thumb Code    54  stm32f4xx_hal.o(i.HAL_InitTick)
    HAL_MspInit                              0x0800138d   Thumb Code    88  stm32f4xx_hal_msp.o(i.HAL_MspInit)
    HAL_NVIC_EnableIRQ                       0x080013e5   Thumb Code    22  stm32f4xx_hal_cortex.o(i.HAL_NVIC_EnableIRQ)
    HAL_NVIC_SetPriority                     0x080013fd   Thumb Code    60  stm32f4xx_hal_cortex.o(i.HAL_NVIC_SetPriority)
    HAL_NVIC_SetPriorityGrouping             0x0800143d   Thumb Code    26  stm32f4xx_hal_cortex.o(i.HAL_NVIC_SetPriorityGrouping)
    HAL_RCC_ClockConfig                      0x08001461   Thumb Code   286  stm32f4xx_hal_rcc.o(i.HAL_RCC_ClockConfig)
    HAL_RCC_GetHCLKFreq                      0x08001591   Thumb Code     6  stm32f4xx_hal_rcc.o(i.HAL_RCC_GetHCLKFreq)
    HAL_RCC_GetPCLK1Freq                     0x0800159d   Thumb Code    20  stm32f4xx_hal_rcc.o(i.HAL_RCC_GetPCLK1Freq)
    HAL_RCC_GetPCLK2Freq                     0x080015bd   Thumb Code    20  stm32f4xx_hal_rcc.o(i.HAL_RCC_GetPCLK2Freq)
    HAL_RCC_GetSysClockFreq                  0x080015dd   Thumb Code    88  stm32f4xx_hal_rcc.o(i.HAL_RCC_GetSysClockFreq)
    HAL_RCC_OscConfig                        0x08001641   Thumb Code   770  stm32f4xx_hal_rcc.o(i.HAL_RCC_OscConfig)
    HAL_SYSTICK_CLKSourceConfig              0x0800195d   Thumb Code    24  stm32f4xx_hal_cortex.o(i.HAL_SYSTICK_CLKSourceConfig)
    HAL_SYSTICK_Config                       0x08001975   Thumb Code    40  stm32f4xx_hal_cortex.o(i.HAL_SYSTICK_Config)
    HAL_UART_ErrorCallback                   0x0800199d   Thumb Code     2  stm32f4xx_hal_uart.o(i.HAL_UART_ErrorCallback)
    HAL_UART_IRQHandler                      0x080019a1   Thumb Code   266  stm32f4xx_hal_uart.o(i.HAL_UART_IRQHandler)
    HAL_UART_Init                            0x08001ab1   Thumb Code    98  stm32f4xx_hal_uart.o(i.HAL_UART_Init)
    HAL_UART_MspInit                         0x08001b15   Thumb Code    78  usart.o(i.HAL_UART_MspInit)
    HAL_UART_RxCpltCallback                  0x08001b71   Thumb Code     2  stm32f4xx_hal_uart.o(i.HAL_UART_RxCpltCallback)
    HAL_UART_Transmit                        0x08001b73   Thumb Code   186  stm32f4xx_hal_uart.o(i.HAL_UART_Transmit)
    HAL_UART_TxCpltCallback                  0x08001c2d   Thumb Code     2  stm32f4xx_hal_uart.o(i.HAL_UART_TxCpltCallback)
    HardFault_Handler                        0x08001c2f   Thumb Code     2  stm32f4xx_it.o(i.HardFault_Handler)
    MX_GPIO_Init                             0x08001c31   Thumb Code   124  gpio.o(i.MX_GPIO_Init)
    MX_USART1_UART_Init                      0x08001cb9   Thumb Code    52  usart.o(i.MX_USART1_UART_Init)
    MemManage_Handler                        0x08001d05   Thumb Code     2  stm32f4xx_it.o(i.MemManage_Handler)
    NMI_Handler                              0x08001d07   Thumb Code     2  stm32f4xx_it.o(i.NMI_Handler)
    SysTick_Handler                          0x08001d29   Thumb Code    14  stm32f4xx_it.o(i.SysTick_Handler)
    SystemClock_Config                       0x08001d39   Thumb Code   150  main.o(i.SystemClock_Config)
    SystemInit                               0x08001dd9   Thumb Code    66  system_stm32f4xx.o(i.SystemInit)
    USART1_IRQHandler                        0x08002259   Thumb Code     6  stm32f4xx_it.o(i.USART1_IRQHandler)
    UsageFault_Handler                       0x08002265   Thumb Code     2  stm32f4xx_it.o(i.UsageFault_Handler)
    _Error_Handler                           0x08002267   Thumb Code     2  main.o(i._Error_Handler)
    __0printf                                0x08002269   Thumb Code    22  printfa.o(i.__0printf)
    __1printf                                0x08002269   Thumb Code     0  printfa.o(i.__0printf)
    __2printf                                0x08002269   Thumb Code     0  printfa.o(i.__0printf)
    __c89printf                              0x08002269   Thumb Code     0  printfa.o(i.__0printf)
    printf                                   0x08002269   Thumb Code     0  printfa.o(i.__0printf)
    __0sprintf                               0x08002289   Thumb Code    34  printfa.o(i.__0sprintf)
    __1sprintf                               0x08002289   Thumb Code     0  printfa.o(i.__0sprintf)
    __2sprintf                               0x08002289   Thumb Code     0  printfa.o(i.__0sprintf)
    __c89sprintf                             0x08002289   Thumb Code     0  printfa.o(i.__0sprintf)
    sprintf                                  0x08002289   Thumb Code     0  printfa.o(i.__0sprintf)
    free                                     0x080022b1   Thumb Code    88  mallocr.o(i.__free$realloc)
    malloc                                   0x0800230d   Thumb Code    64  mallocr.o(i.__malloc$realloc)
    __scatterload_copy                       0x0800235d   Thumb Code    14  handlers.o(i.__scatterload_copy)
    __scatterload_null                       0x0800236b   Thumb Code     2  handlers.o(i.__scatterload_null)
    __scatterload_zeroinit                   0x0800236d   Thumb Code    14  handlers.o(i.__scatterload_zeroinit)
    _is_digit                                0x08002501   Thumb Code    14  scanf_fp.o(i._is_digit)
    cJSON_AddFalseToObject                   0x08002cc1   Thumb Code    42  cjson.o(i.cJSON_AddFalseToObject)
    cJSON_AddItemToArray                     0x08002cf1   Thumb Code     4  cjson.o(i.cJSON_AddItemToArray)
    cJSON_AddItemToObject                    0x08002cf5   Thumb Code    14  cjson.o(i.cJSON_AddItemToObject)
    cJSON_AddNumberToObject                  0x08002d09   Thumb Code    42  cjson.o(i.cJSON_AddNumberToObject)
    cJSON_AddStringToObject                  0x08002d39   Thumb Code    44  cjson.o(i.cJSON_AddStringToObject)
    cJSON_CreateArray                        0x08002d69   Thumb Code    18  cjson.o(i.cJSON_CreateArray)
    cJSON_CreateFalse                        0x08002d81   Thumb Code    18  cjson.o(i.cJSON_CreateFalse)
    cJSON_CreateIntArray                     0x08002d99   Thumb Code    86  cjson.o(i.cJSON_CreateIntArray)
    cJSON_CreateNumber                       0x08002df1   Thumb Code    98  cjson.o(i.cJSON_CreateNumber)
    cJSON_CreateObject                       0x08002e69   Thumb Code    18  cjson.o(i.cJSON_CreateObject)
    cJSON_CreateString                       0x08002e81   Thumb Code    44  cjson.o(i.cJSON_CreateString)
    cJSON_CreateStringArray                  0x08002eb1   Thumb Code    78  cjson.o(i.cJSON_CreateStringArray)
    cJSON_Delete                             0x08002f01   Thumb Code    66  cjson.o(i.cJSON_Delete)
    cJSON_Print                              0x08002f61   Thumb Code     8  cjson.o(i.cJSON_Print)
    cJSON_PrintPreallocated                  0x08002f6d   Thumb Code    66  cjson.o(i.cJSON_PrintPreallocated)
    cJSON_Version                            0x08002fb5   Thumb Code    22  cjson.o(i.cJSON_Version)
    cJSON_test                               0x08003005   Thumb Code    22  test.o(i.cJSON_test)
    fputc                                    0x08003469   Thumb Code    20  usart.o(i.fputc)
    main                                     0x080034d1   Thumb Code    64  main.o(i.main)
    osSystickHandler                         0x08003515   Thumb Code    20  cmsis_os.o(i.osSystickHandler)
    realloc                                  0x08003bc9   Thumb Code   102  mallocr.o(i.realloc)
    uxListRemove                             0x08003c51   Thumb Code    36  list.o(i.uxListRemove)
    vListInsertEnd                           0x08003c75   Thumb Code    24  list.o(i.vListInsertEnd)
    vTaskSwitchContext                       0x08003c8d   Thumb Code    82  tasks.o(i.vTaskSwitchContext)
    xPortSysTickHandler                      0x08003ce9   Thumb Code    38  port.o(i.xPortSysTickHandler)
    xTaskGetSchedulerState                   0x08003d15   Thumb Code    22  tasks.o(i.xTaskGetSchedulerState)
    xTaskIncrementTick                       0x08003d31   Thumb Code   192  tasks.o(i.xTaskIncrementTick)
    AHBPrescTable                            0x08003df8   Data          16  system_stm32f4xx.o(.constdata)
    APBPrescTable                            0x08003e08   Data           8  system_stm32f4xx.o(.constdata)
    __ctype_categories                       0x08003ec0   Data          64  ctype_c.o(.constdata)
    Region$$Table$$Base                      0x08003fc4   Number         0  anon$$obj.o(Region$$Table)
    Region$$Table$$Limit                     0x08003fe4   Number         0  anon$$obj.o(Region$$Table)
    pxCurrentTCB                             0x20000000   Data           4  tasks.o(.data)
    uwTickFreq                               0x2000003c   Data           1  stm32f4xx_hal.o(.data)
    uwTickPrio                               0x20000040   Data           4  stm32f4xx_hal.o(.data)
    uwTick                                   0x20000044   Data           4  stm32f4xx_hal.o(.data)
    SystemCoreClock                          0x20000048   Data           4  system_stm32f4xx.o(.data)
    __stdout                                 0x20000060   Data           4  stdout.o(.data)
    __microlib_freelist                      0x20000064   Data           4  mvars.o(.data)
    __microlib_freelist_initialised          0x20000068   Data           4  mvars.o(.data)
    huart1                                   0x2000015c   Data          64  usart.o(.bss)
    __heap_base                              0x200001b0   Data           0  startup_stm32f407xx.o(HEAP)
    __heap_limit                             0x20000db0   Data           0  startup_stm32f407xx.o(HEAP)
    __initial_sp                             0x200011b0   Data           0  startup_stm32f407xx.o(STACK)



==============================================================================

Memory Map of the image

  Image Entry point : 0x08000189

  Load Region LR_IROM1 (Base: 0x08000000, Size: 0x00004050, Max: 0x00100000, ABSOLUTE)

    Execution Region ER_IROM1 (Exec base: 0x08000000, Load base: 0x08000000, Size: 0x00003fe4, Max: 0x00100000, ABSOLUTE)

    Exec Addr    Load Addr    Size         Type   Attr      Idx    E Section Name        Object

    0x08000000   0x08000000   0x00000188   Data   RO            3    RESET               startup_stm32f407xx.o
    0x08000188   0x08000188   0x00000000   Code   RO         3536  * .ARM.Collect$$$$00000000  mc_w.l(entry.o)
    0x08000188   0x08000188   0x00000004   Code   RO         3864    .ARM.Collect$$$$00000001  mc_w.l(entry2.o)
    0x0800018c   0x0800018c   0x00000004   Code   RO         3867    .ARM.Collect$$$$00000004  mc_w.l(entry5.o)
    0x08000190   0x08000190   0x00000000   Code   RO         3869    .ARM.Collect$$$$00000008  mc_w.l(entry7b.o)
    0x08000190   0x08000190   0x00000000   Code   RO         3871    .ARM.Collect$$$$0000000A  mc_w.l(entry8b.o)
    0x08000190   0x08000190   0x00000008   Code   RO         3872    .ARM.Collect$$$$0000000B  mc_w.l(entry9a.o)
    0x08000198   0x08000198   0x00000000   Code   RO         3874    .ARM.Collect$$$$0000000D  mc_w.l(entry10a.o)
    0x08000198   0x08000198   0x00000000   Code   RO         3876    .ARM.Collect$$$$0000000F  mc_w.l(entry11a.o)
    0x08000198   0x08000198   0x00000004   Code   RO         3865    .ARM.Collect$$$$00002712  mc_w.l(entry2.o)
    0x0800019c   0x0800019c   0x000000ba   Code   RO          775    .emb_text           port.o
    0x08000256   0x08000256   0x00000002   PAD
    0x08000258   0x08000258   0x00000024   Code   RO            4    .text               startup_stm32f407xx.o
    0x0800027c   0x0800027c   0x00000062   Code   RO         3539    .text               mc_w.l(uldiv.o)
    0x080002de   0x080002de   0x00000024   Code   RO         3543    .text               mc_w.l(memcpya.o)
    0x08000302   0x08000302   0x00000024   Code   RO         3545    .text               mc_w.l(memseta.o)
    0x08000326   0x08000326   0x0000000e   Code   RO         3547    .text               mc_w.l(strlen.o)
    0x08000334   0x08000334   0x0000001c   Code   RO         3549    .text               mc_w.l(strcmp.o)
    0x08000350   0x08000350   0x00000012   Code   RO         3551    .text               mc_w.l(strcpy.o)
    0x08000362   0x08000362   0x00000002   PAD
    0x08000364   0x08000364   0x00000038   Code   RO         3846    .text               mc_w.l(__0sscanf.o)
    0x0800039c   0x0800039c   0x00000360   Code   RO         3848    .text               mc_w.l(scanf_fp.o)
    0x080006fc   0x080006fc   0x000000de   Code   RO         3852    .text               mf_w.l(ddiv.o)
    0x080007da   0x080007da   0x00000022   Code   RO         3854    .text               mf_w.l(dflti.o)
    0x080007fc   0x080007fc   0x0000003e   Code   RO         3856    .text               mf_w.l(dfixi.o)
    0x0800083a   0x0800083a   0x00000002   PAD
    0x0800083c   0x0800083c   0x00000030   Code   RO         3860    .text               mf_w.l(cdcmple.o)
    0x0800086c   0x0800086c   0x00000030   Code   RO         3862    .text               mf_w.l(cdrcmple.o)
    0x0800089c   0x0800089c   0x0000002c   Code   RO         3879    .text               mc_w.l(uidiv.o)
    0x080008c8   0x080008c8   0x0000001e   Code   RO         3881    .text               mc_w.l(llshl.o)
    0x080008e6   0x080008e6   0x00000020   Code   RO         3883    .text               mc_w.l(llushr.o)
    0x08000906   0x08000906   0x00000002   PAD
    0x08000908   0x08000908   0x00000028   Code   RO         3887    .text               mc_w.l(scanf_char.o)
    0x08000930   0x08000930   0x00000040   Code   RO         3889    .text               mc_w.l(_sgetc.o)
    0x08000970   0x08000970   0x00000000   Code   RO         3893    .text               mc_w.l(iusefp.o)
    0x08000970   0x08000970   0x000000ba   Code   RO         3894    .text               mf_w.l(depilogue.o)
    0x08000a2a   0x08000a2a   0x0000014e   Code   RO         3896    .text               mf_w.l(dadd.o)
    0x08000b78   0x08000b78   0x000000e4   Code   RO         3898    .text               mf_w.l(dmul.o)
    0x08000c5c   0x08000c5c   0x00000018   Code   RO         3900    .text               mf_w.l(dfltul.o)
    0x08000c74   0x08000c74   0x00000030   Code   RO         3902    .text               mf_w.l(dfixul.o)
    0x08000ca4   0x08000ca4   0x00000038   Code   RO         3904    .text               mf_w.l(d2f.o)
    0x08000cdc   0x08000cdc   0x00000024   Code   RO         3906    .text               mc_w.l(init.o)
    0x08000d00   0x08000d00   0x00000024   Code   RO         3908    .text               mc_w.l(llsshr.o)
    0x08000d24   0x08000d24   0x0000000a   Code   RO         3910    .text               mc_w.l(isspace_c.o)
    0x08000d2e   0x08000d2e   0x00000002   PAD
    0x08000d30   0x08000d30   0x0000032c   Code   RO         3912    .text               mc_w.l(_scanf.o)
    0x0800105c   0x0800105c   0x0000006e   Code   RO         3914    .text               mf_w.l(fepilogue.o)
    0x080010ca   0x080010ca   0x00000002   PAD
    0x080010cc   0x080010cc   0x00000028   Code   RO         3916    .text               mc_w.l(ctype_c.o)
    0x080010f4   0x080010f4   0x00000002   Code   RO         2826    i.BusFault_Handler  stm32f4xx_it.o
    0x080010f6   0x080010f6   0x00000002   Code   RO         2827    i.DebugMon_Handler  stm32f4xx_it.o
    0x080010f8   0x080010f8   0x00000024   Code   RO         2419    i.HAL_DMA_Abort_IT  stm32f4xx_hal_dma.o
    0x0800111c   0x0800111c   0x00000024   Code   RO         2080    i.HAL_Delay         stm32f4xx_hal.o
    0x08001140   0x08001140   0x000001b0   Code   RO         1237    i.HAL_GPIO_Init     stm32f4xx_hal_gpio.o
    0x080012f0   0x080012f0   0x0000000a   Code   RO         1241    i.HAL_GPIO_WritePin  stm32f4xx_hal_gpio.o
    0x080012fa   0x080012fa   0x00000002   PAD
    0x080012fc   0x080012fc   0x0000000c   Code   RO         2086    i.HAL_GetTick       stm32f4xx_hal.o
    0x08001308   0x08001308   0x00000010   Code   RO         2090    i.HAL_IncTick       stm32f4xx_hal.o
    0x08001318   0x08001318   0x00000034   Code   RO         2091    i.HAL_Init          stm32f4xx_hal.o
    0x0800134c   0x0800134c   0x00000040   Code   RO         2092    i.HAL_InitTick      stm32f4xx_hal.o
    0x0800138c   0x0800138c   0x00000058   Code   RO         2661    i.HAL_MspInit       stm32f4xx_hal_msp.o
    0x080013e4   0x080013e4   0x00000016   Code   RO         2267    i.HAL_NVIC_EnableIRQ  stm32f4xx_hal_cortex.o
    0x080013fa   0x080013fa   0x00000002   PAD
    0x080013fc   0x080013fc   0x00000040   Code   RO         2273    i.HAL_NVIC_SetPriority  stm32f4xx_hal_cortex.o
    0x0800143c   0x0800143c   0x00000024   Code   RO         2274    i.HAL_NVIC_SetPriorityGrouping  stm32f4xx_hal_cortex.o
    0x08001460   0x08001460   0x00000130   Code   RO         2522    i.HAL_RCC_ClockConfig  stm32f4xx_hal_rcc.o
    0x08001590   0x08001590   0x0000000c   Code   RO         2527    i.HAL_RCC_GetHCLKFreq  stm32f4xx_hal_rcc.o
    0x0800159c   0x0800159c   0x00000020   Code   RO         2529    i.HAL_RCC_GetPCLK1Freq  stm32f4xx_hal_rcc.o
    0x080015bc   0x080015bc   0x00000020   Code   RO         2530    i.HAL_RCC_GetPCLK2Freq  stm32f4xx_hal_rcc.o
    0x080015dc   0x080015dc   0x00000064   Code   RO         2531    i.HAL_RCC_GetSysClockFreq  stm32f4xx_hal_rcc.o
    0x08001640   0x08001640   0x0000031c   Code   RO         2534    i.HAL_RCC_OscConfig  stm32f4xx_hal_rcc.o
    0x0800195c   0x0800195c   0x00000018   Code   RO         2276    i.HAL_SYSTICK_CLKSourceConfig  stm32f4xx_hal_cortex.o
    0x08001974   0x08001974   0x00000028   Code   RO         2278    i.HAL_SYSTICK_Config  stm32f4xx_hal_cortex.o
    0x0800199c   0x0800199c   0x00000002   Code   RO         1613    i.HAL_UART_ErrorCallback  stm32f4xx_hal_uart.o
    0x0800199e   0x0800199e   0x00000002   PAD
    0x080019a0   0x080019a0   0x00000110   Code   RO         1616    i.HAL_UART_IRQHandler  stm32f4xx_hal_uart.o
    0x08001ab0   0x08001ab0   0x00000062   Code   RO         1617    i.HAL_UART_Init     stm32f4xx_hal_uart.o
    0x08001b12   0x08001b12   0x00000002   PAD
    0x08001b14   0x08001b14   0x0000005c   Code   RO         2779    i.HAL_UART_MspInit  usart.o
    0x08001b70   0x08001b70   0x00000002   Code   RO         1623    i.HAL_UART_RxCpltCallback  stm32f4xx_hal_uart.o
    0x08001b72   0x08001b72   0x000000ba   Code   RO         1625    i.HAL_UART_Transmit  stm32f4xx_hal_uart.o
    0x08001c2c   0x08001c2c   0x00000002   Code   RO         1628    i.HAL_UART_TxCpltCallback  stm32f4xx_hal_uart.o
    0x08001c2e   0x08001c2e   0x00000002   Code   RO         2828    i.HardFault_Handler  stm32f4xx_it.o
    0x08001c30   0x08001c30   0x00000088   Code   RO         2896    i.MX_GPIO_Init      gpio.o
    0x08001cb8   0x08001cb8   0x0000004c   Code   RO         2780    i.MX_USART1_UART_Init  usart.o
    0x08001d04   0x08001d04   0x00000002   Code   RO         2829    i.MemManage_Handler  stm32f4xx_it.o
    0x08001d06   0x08001d06   0x00000002   Code   RO         2830    i.NMI_Handler       stm32f4xx_it.o
    0x08001d08   0x08001d08   0x00000020   Code   RO         2280    i.NVIC_SetPriority  stm32f4xx_hal_cortex.o
    0x08001d28   0x08001d28   0x0000000e   Code   RO         2831    i.SysTick_Handler   stm32f4xx_it.o
    0x08001d36   0x08001d36   0x00000002   PAD
    0x08001d38   0x08001d38   0x000000a0   Code   RO         2685    i.SystemClock_Config  main.o
    0x08001dd8   0x08001dd8   0x00000054   Code   RO         2624    i.SystemInit        system_stm32f4xx.o
    0x08001e2c   0x08001e2c   0x00000010   Code   RO         1630    i.UART_DMAAbortOnError  stm32f4xx_hal_uart.o
    0x08001e3c   0x08001e3c   0x0000001c   Code   RO         1640    i.UART_EndRxTransfer  stm32f4xx_hal_uart.o
    0x08001e58   0x08001e58   0x0000008c   Code   RO         1642    i.UART_Receive_IT   stm32f4xx_hal_uart.o
    0x08001ee4   0x08001ee4   0x000002ac   Code   RO         1643    i.UART_SetConfig    stm32f4xx_hal_uart.o
    0x08002190   0x08002190   0x00000062   Code   RO         1644    i.UART_Transmit_IT  stm32f4xx_hal_uart.o
    0x080021f2   0x080021f2   0x00000064   Code   RO         1645    i.UART_WaitOnFlagUntilTimeout  stm32f4xx_hal_uart.o
    0x08002256   0x08002256   0x00000002   PAD
    0x08002258   0x08002258   0x0000000c   Code   RO         2832    i.USART1_IRQHandler  stm32f4xx_it.o
    0x08002264   0x08002264   0x00000002   Code   RO         2833    i.UsageFault_Handler  stm32f4xx_it.o
    0x08002266   0x08002266   0x00000002   Code   RO         2686    i._Error_Handler    main.o
    0x08002268   0x08002268   0x00000020   Code   RO         3790    i.__0printf         mc_w.l(printfa.o)
    0x08002288   0x08002288   0x00000028   Code   RO         3792    i.__0sprintf        mc_w.l(printfa.o)
    0x080022b0   0x080022b0   0x0000005c   Code   RO         3822    i.__free$realloc    mc_w.l(mallocr.o)
    0x0800230c   0x0800230c   0x00000050   Code   RO         3823    i.__malloc$realloc  mc_w.l(mallocr.o)
    0x0800235c   0x0800235c   0x0000000e   Code   RO         3921    i.__scatterload_copy  mc_w.l(handlers.o)
    0x0800236a   0x0800236a   0x00000002   Code   RO         3922    i.__scatterload_null  mc_w.l(handlers.o)
    0x0800236c   0x0800236c   0x0000000e   Code   RO         3923    i.__scatterload_zeroinit  mc_w.l(handlers.o)
    0x0800237a   0x0800237a   0x00000002   PAD
    0x0800237c   0x0800237c   0x00000184   Code   RO         3797    i._fp_digits        mc_w.l(printfa.o)
    0x08002500   0x08002500   0x0000000e   Code   RO         3850    i._is_digit         mc_w.l(scanf_fp.o)
    0x0800250e   0x0800250e   0x00000002   PAD
    0x08002510   0x08002510   0x000006dc   Code   RO         3798    i._printf_core      mc_w.l(printfa.o)
    0x08002bec   0x08002bec   0x00000024   Code   RO         3799    i._printf_post_padding  mc_w.l(printfa.o)
    0x08002c10   0x08002c10   0x0000002e   Code   RO         3800    i._printf_pre_padding  mc_w.l(printfa.o)
    0x08002c3e   0x08002c3e   0x0000000a   Code   RO         3802    i._sputc            mc_w.l(printfa.o)
    0x08002c48   0x08002c48   0x00000022   Code   RO         2917    i.add_item_to_array  cjson.o
    0x08002c6a   0x08002c6a   0x00000056   Code   RO         2918    i.add_item_to_object  cjson.o
    0x08002cc0   0x08002cc0   0x00000030   Code   RO         2922    i.cJSON_AddFalseToObject  cjson.o
    0x08002cf0   0x08002cf0   0x00000004   Code   RO         2925    i.cJSON_AddItemToArray  cjson.o
    0x08002cf4   0x08002cf4   0x00000014   Code   RO         2926    i.cJSON_AddItemToObject  cjson.o
    0x08002d08   0x08002d08   0x00000030   Code   RO         2929    i.cJSON_AddNumberToObject  cjson.o
    0x08002d38   0x08002d38   0x00000030   Code   RO         2932    i.cJSON_AddStringToObject  cjson.o
    0x08002d68   0x08002d68   0x00000018   Code   RO         2935    i.cJSON_CreateArray  cjson.o
    0x08002d80   0x08002d80   0x00000018   Code   RO         2939    i.cJSON_CreateFalse  cjson.o
    0x08002d98   0x08002d98   0x00000056   Code   RO         2941    i.cJSON_CreateIntArray  cjson.o
    0x08002dee   0x08002dee   0x00000002   PAD
    0x08002df0   0x08002df0   0x00000078   Code   RO         2943    i.cJSON_CreateNumber  cjson.o
    0x08002e68   0x08002e68   0x00000018   Code   RO         2944    i.cJSON_CreateObject  cjson.o
    0x08002e80   0x08002e80   0x00000030   Code   RO         2947    i.cJSON_CreateString  cjson.o
    0x08002eb0   0x08002eb0   0x0000004e   Code   RO         2948    i.cJSON_CreateStringArray  cjson.o
    0x08002efe   0x08002efe   0x00000002   PAD
    0x08002f00   0x08002f00   0x00000048   Code   RO         2951    i.cJSON_Delete      cjson.o
    0x08002f48   0x08002f48   0x00000016   Code   RO         2980    i.cJSON_New_Item    cjson.o
    0x08002f5e   0x08002f5e   0x00000002   PAD
    0x08002f60   0x08002f60   0x0000000c   Code   RO         2983    i.cJSON_Print       cjson.o
    0x08002f6c   0x08002f6c   0x00000048   Code   RO         2985    i.cJSON_PrintPreallocated  cjson.o
    0x08002fb4   0x08002fb4   0x00000028   Code   RO         2992    i.cJSON_Version     cjson.o
    0x08002fdc   0x08002fdc   0x00000028   Code   RO         2995    i.cJSON_strdup      cjson.o
    0x08003004   0x08003004   0x00000028   Code   RO         3500    i.cJSON_test        test.o
    0x0800302c   0x0800302c   0x000003b0   Code   RO         3501    i.create_objects    test.o
    0x080033dc   0x080033dc   0x0000008a   Code   RO         2997    i.ensure            cjson.o
    0x08003466   0x08003466   0x00000002   PAD
    0x08003468   0x08003468   0x00000018   Code   RO         2781    i.fputc             usart.o
    0x08003480   0x08003480   0x00000050   Code   RO         3824    i.internal_alloc    mc_w.l(mallocr.o)
    0x080034d0   0x080034d0   0x00000044   Code   RO         2687    i.main              main.o
    0x08003514   0x08003514   0x00000014   Code   RO          437    i.osSystickHandler  cmsis_os.o
    0x08003528   0x08003528   0x00000098   Code   RO         3006    i.print             cjson.o
    0x080035c0   0x080035c0   0x00000096   Code   RO         3007    i.print_array       cjson.o
    0x08003656   0x08003656   0x00000002   PAD
    0x08003658   0x08003658   0x000000a8   Code   RO         3008    i.print_number      cjson.o
    0x08003700   0x08003700   0x00000140   Code   RO         3009    i.print_object      cjson.o
    0x08003840   0x08003840   0x00000188   Code   RO         3502    i.print_preallocated  test.o
    0x080039c8   0x080039c8   0x00000110   Code   RO         3010    i.print_string_ptr  cjson.o
    0x08003ad8   0x08003ad8   0x000000d0   Code   RO         3011    i.print_value       cjson.o
    0x08003ba8   0x08003ba8   0x00000020   Code   RO          859    i.prvResetNextTaskUnblockTime  tasks.o
    0x08003bc8   0x08003bc8   0x0000006c   Code   RO         3825    i.realloc           mc_w.l(mallocr.o)
    0x08003c34   0x08003c34   0x0000001c   Code   RO         3013    i.update_offset     cjson.o
    0x08003c50   0x08003c50   0x00000024   Code   RO          183    i.uxListRemove      list.o
    0x08003c74   0x08003c74   0x00000018   Code   RO          187    i.vListInsertEnd    list.o
    0x08003c8c   0x08003c8c   0x0000005c   Code   RO          881    i.vTaskSwitchContext  tasks.o
    0x08003ce8   0x08003ce8   0x0000002c   Code   RO          784    i.xPortSysTickHandler  port.o
    0x08003d14   0x08003d14   0x0000001c   Code   RO          887    i.xTaskGetSchedulerState  tasks.o
    0x08003d30   0x08003d30   0x000000c8   Code   RO          890    i.xTaskIncrementTick  tasks.o
    0x08003df8   0x08003df8   0x00000010   Data   RO         2625    .constdata          system_stm32f4xx.o
    0x08003e08   0x08003e08   0x00000008   Data   RO         2626    .constdata          system_stm32f4xx.o
    0x08003e10   0x08003e10   0x000000b0   Data   RO         3503    .constdata          test.o
    0x08003ec0   0x08003ec0   0x00000040   Data   RO         3917    .constdata          mc_w.l(ctype_c.o)
    0x08003f00   0x08003f00   0x000000c1   Data   RO         3504    .conststring        test.o
    0x08003fc1   0x08003fc1   0x00000003   PAD
    0x08003fc4   0x08003fc4   0x00000020   Data   RO         3919    Region$$Table       anon$$obj.o


    Execution Region RW_IRAM1 (Exec base: 0x20000000, Load base: 0x08003fe4, Size: 0x000011b0, Max: 0x00020000, ABSOLUTE)

    Exec Addr    Load Addr    Size         Type   Attr      Idx    E Section Name        Object

    0x20000000   0x08003fe4   0x0000003c   Data   RW          899    .data               tasks.o
    0x2000003c   0x08004020   0x0000000c   Data   RW         2098    .data               stm32f4xx_hal.o
    0x20000048   0x0800402c   0x00000004   Data   RW         2627    .data               system_stm32f4xx.o
    0x2000004c   0x08004030   0x00000014   Data   RW         3016    .data               cjson.o
    0x20000060   0x08004044   0x00000004   Data   RW         3878    .data               mc_w.l(stdout.o)
    0x20000064   0x08004048   0x00000004   Data   RW         3885    .data               mc_w.l(mvars.o)
    0x20000068   0x0800404c   0x00000004   Data   RW         3886    .data               mc_w.l(mvars.o)
    0x2000006c        -       0x000000f0   Zero   RW          898    .bss                tasks.o
    0x2000015c        -       0x00000040   Zero   RW         2782    .bss                usart.o
    0x2000019c        -       0x0000000f   Zero   RW         3015    .bss                cjson.o
    0x200001ab   0x08004050   0x00000005   PAD
    0x200001b0        -       0x00000c00   Zero   RW            2    HEAP                startup_stm32f407xx.o
    0x20000db0        -       0x00000400   Zero   RW            1    STACK               startup_stm32f407xx.o


==============================================================================

Image component sizes


      Code (inc. data)   RO Data    RW Data    ZI Data      Debug   Object Name

      2386        160          0         20         15      26618   cjson.o
        20          0          0          0          0       1063   cmsis_os.o
         0          0          0          0          0       8168   event_groups.o
       136         12          0          0          0       1015   gpio.o
         0          0          0          0          0       6732   heap_4.o
        60          0          0          0          0       7096   list.o
       230         14          0          0          0       3765   main.o
       230         22          0          0          0       4146   port.o
        36          8        392          0       4096        872   startup_stm32f407xx.o
       180         28          0         12          0       4849   stm32f4xx_hal.o
       218         14          0          0          0      31313   stm32f4xx_hal_cortex.o
        36          0          0          0          0       1295   stm32f4xx_hal_dma.o
       442         44          0          0          0       2544   stm32f4xx_hal_gpio.o
        88          0          0          0          0        562   stm32f4xx_hal_msp.o
      1276         86          0          0          0       5900   stm32f4xx_hal_rcc.o
         0          0          0          0          0     648920   stm32f4xx_hal_tim.o
      1628         14          0          0          0      10039   stm32f4xx_hal_uart.o
        38          6          0          0          0       3995   stm32f4xx_it.o
        84         18         24          4          0       1275   system_stm32f4xx.o
       352         30          0         60        240       7793   tasks.o
      1376        568        369          0          0       2985   test.o
       192         42          0          0         64       2350   usart.o

    ----------------------------------------------------------------------
      9032       1066        820         96       4420     783295   Object Totals
         0          0         32          0          0          0   (incl. Generated)
        24          0          3          0          5          0   (incl. Padding)

    ----------------------------------------------------------------------

      Code (inc. data)   RO Data    RW Data    ZI Data      Debug   Library Member Name

        56          8          0          0          0         84   __0sscanf.o
       812          4          0          0          0        112   _scanf.o
        64          0          0          0          0         84   _sgetc.o
        40          6         64          0          0         68   ctype_c.o
         0          0          0          0          0          0   entry.o
         0          0          0          0          0          0   entry10a.o
         0          0          0          0          0          0   entry11a.o
         8          4          0          0          0          0   entry2.o
         4          0          0          0          0          0   entry5.o
         0          0          0          0          0          0   entry7b.o
         0          0          0          0          0          0   entry8b.o
         8          4          0          0          0          0   entry9a.o
        30          0          0          0          0          0   handlers.o
        36          8          0          0          0         68   init.o
        10          0          0          0          0         68   isspace_c.o
         0          0          0          0          0          0   iusefp.o
        30          0          0          0          0         68   llshl.o
        36          0          0          0          0         68   llsshr.o
        32          0          0          0          0         68   llushr.o
       360         30          0          0          0        356   mallocr.o
        36          0          0          0          0         68   memcpya.o
        36          0          0          0          0        108   memseta.o
         0          0          0          8          0          0   mvars.o
      2308         96          0          0          0        604   printfa.o
        40          8          0          0          0         84   scanf_char.o
       878         12          0          0          0        216   scanf_fp.o
         0          0          0          4          0          0   stdout.o
        28          0          0          0          0         76   strcmp.o
        18          0          0          0          0         68   strcpy.o
        14          0          0          0          0         68   strlen.o
        44          0          0          0          0         80   uidiv.o
        98          0          0          0          0         92   uldiv.o
        48          0          0          0          0         68   cdcmple.o
        48          0          0          0          0         68   cdrcmple.o
        56          0          0          0          0         88   d2f.o
       334          0          0          0          0        148   dadd.o
       222          0          0          0          0        100   ddiv.o
       186          0          0          0          0        176   depilogue.o
        62          0          0          0          0         80   dfixi.o
        48          0          0          0          0         68   dfixul.o
        34          0          0          0          0         76   dflti.o
        24          0          0          0          0         76   dfltul.o
       228          0          0          0          0         96   dmul.o
       110          0          0          0          0        168   fepilogue.o

    ----------------------------------------------------------------------
      6440        180         64         12          0       3720   Library Totals
        14          0          0          0          0          0   (incl. Padding)

    ----------------------------------------------------------------------

      Code (inc. data)   RO Data    RW Data    ZI Data      Debug   Library Name

      5026        180         64         12          0       2508   mc_w.l
      1400          0          0          0          0       1212   mf_w.l

    ----------------------------------------------------------------------
      6440        180         64         12          0       3720   Library Totals

    ----------------------------------------------------------------------

==============================================================================


      Code (inc. data)   RO Data    RW Data    ZI Data      Debug   

     15472       1246        884        108       4420     776991   Grand Totals
     15472       1246        884        108       4420     776991   ELF Image Totals
     15472       1246        884        108          0          0   ROM Totals

==============================================================================

    Total RO  Size (Code + RO Data)                16356 (  15.97kB)
    Total RW  Size (RW Data + ZI Data)              4528 (   4.42kB)
    Total ROM Size (Code + RO Data + RW Data)      16464 (  16.08kB)

==============================================================================

